Component: ARM Compiler 5.06 update 7 (build 960) Tool: armlink [4d3601]

==============================================================================

Section Cross References

    startup_stm32f103xe.o(RESET) refers to startup_stm32f103xe.o(STACK) for __initial_sp
    startup_stm32f103xe.o(RESET) refers to startup_stm32f103xe.o(.text) for Reset_Handler
    startup_stm32f103xe.o(RESET) refers to stm32f1xx_it.o(i.NMI_Handler) for NMI_Handler
    startup_stm32f103xe.o(RESET) refers to stm32f1xx_it.o(i.HardFault_Handler) for HardFault_Handler
    startup_stm32f103xe.o(RESET) refers to stm32f1xx_it.o(i.MemManage_Handler) for MemManage_Handler
    startup_stm32f103xe.o(RESET) refers to stm32f1xx_it.o(i.BusFault_Handler) for BusFault_Handler
    startup_stm32f103xe.o(RESET) refers to stm32f1xx_it.o(i.UsageFault_Handler) for UsageFault_Handler
    startup_stm32f103xe.o(RESET) refers to stm32f1xx_it.o(i.SVC_Handler) for SVC_Handler
    startup_stm32f103xe.o(RESET) refers to stm32f1xx_it.o(i.DebugMon_Handler) for DebugMon_Handler
    startup_stm32f103xe.o(RESET) refers to stm32f1xx_it.o(i.PendSV_Handler) for PendSV_Handler
    startup_stm32f103xe.o(RESET) refers to stm32f1xx_it.o(i.SysTick_Handler) for SysTick_Handler
    startup_stm32f103xe.o(RESET) refers to main.o(i.EXTI3_IRQHandler) for EXTI3_IRQHandler
    startup_stm32f103xe.o(RESET) refers to main.o(i.EXTI4_IRQHandler) for EXTI4_IRQHandler
    startup_stm32f103xe.o(RESET) refers to main.o(i.TIM3_IRQHandler) for TIM3_IRQHandler
    startup_stm32f103xe.o(.text) refers to system_stm32f1xx.o(i.SystemInit) for SystemInit
    startup_stm32f103xe.o(.text) refers to entry.o(.ARM.Collect$$$$00000000) for __main
    ili93xx.o(i.LCD_Clear) refers to ili93xx.o(i.LCD_SetCursor) for LCD_SetCursor
    ili93xx.o(i.LCD_Clear) refers to ili93xx.o(i.LCD_WriteRAM_Prepare) for LCD_WriteRAM_Prepare
    ili93xx.o(i.LCD_Clear) refers to ili93xx.o(.bss) for lcddev
    ili93xx.o(i.LCD_Color_Fill) refers to ili93xx.o(i.LCD_SetCursor) for LCD_SetCursor
    ili93xx.o(i.LCD_Color_Fill) refers to ili93xx.o(i.LCD_WriteRAM_Prepare) for LCD_WriteRAM_Prepare
    ili93xx.o(i.LCD_DisplayOff) refers to ili93xx.o(i.LCD_WR_REG) for LCD_WR_REG
    ili93xx.o(i.LCD_DisplayOff) refers to ili93xx.o(.bss) for lcddev
    ili93xx.o(i.LCD_DisplayOn) refers to ili93xx.o(i.LCD_WR_REG) for LCD_WR_REG
    ili93xx.o(i.LCD_DisplayOn) refers to ili93xx.o(.bss) for lcddev
    ili93xx.o(i.LCD_Display_Dir) refers to ili93xx.o(i.LCD_Scan_Dir) for LCD_Scan_Dir
    ili93xx.o(i.LCD_Display_Dir) refers to ili93xx.o(.bss) for lcddev
    ili93xx.o(i.LCD_DrawLine) refers to ili93xx.o(i.LCD_DrawPoint) for LCD_DrawPoint
    ili93xx.o(i.LCD_DrawPoint) refers to ili93xx.o(i.LCD_SetCursor) for LCD_SetCursor
    ili93xx.o(i.LCD_DrawPoint) refers to ili93xx.o(i.LCD_WriteRAM_Prepare) for LCD_WriteRAM_Prepare
    ili93xx.o(i.LCD_DrawPoint) refers to ili93xx.o(.data) for POINT_COLOR
    ili93xx.o(i.LCD_DrawRectangle) refers to ili93xx.o(i.LCD_DrawLine) for LCD_DrawLine
    ili93xx.o(i.LCD_Draw_Circle) refers to ili93xx.o(i.LCD_DrawPoint) for LCD_DrawPoint
    ili93xx.o(i.LCD_Fast_DrawPoint) refers to ili93xx.o(i.LCD_WR_REG) for LCD_WR_REG
    ili93xx.o(i.LCD_Fast_DrawPoint) refers to ili93xx.o(i.LCD_WR_DATA) for LCD_WR_DATA
    ili93xx.o(i.LCD_Fast_DrawPoint) refers to ili93xx.o(i.LCD_WriteReg) for LCD_WriteReg
    ili93xx.o(i.LCD_Fast_DrawPoint) refers to ili93xx.o(.bss) for lcddev
    ili93xx.o(i.LCD_Fill) refers to ili93xx.o(i.LCD_SetCursor) for LCD_SetCursor
    ili93xx.o(i.LCD_Fill) refers to ili93xx.o(i.LCD_WriteRAM_Prepare) for LCD_WriteRAM_Prepare
    ili93xx.o(i.LCD_ReadPoint) refers to ili93xx.o(i.LCD_SetCursor) for LCD_SetCursor
    ili93xx.o(i.LCD_ReadPoint) refers to ili93xx.o(i.LCD_WR_REG) for LCD_WR_REG
    ili93xx.o(i.LCD_ReadPoint) refers to ili93xx.o(i.opt_delay) for opt_delay
    ili93xx.o(i.LCD_ReadPoint) refers to ili93xx.o(i.LCD_RD_DATA) for LCD_RD_DATA
    ili93xx.o(i.LCD_ReadPoint) refers to ili93xx.o(i.LCD_BGR2RGB) for LCD_BGR2RGB
    ili93xx.o(i.LCD_ReadPoint) refers to ili93xx.o(.bss) for lcddev
    ili93xx.o(i.LCD_ReadReg) refers to ili93xx.o(i.LCD_WR_REG) for LCD_WR_REG
    ili93xx.o(i.LCD_ReadReg) refers to ili93xx.o(i.opt_delay) for opt_delay
    ili93xx.o(i.LCD_ReadReg) refers to ili93xx.o(i.LCD_RD_DATA) for LCD_RD_DATA
    ili93xx.o(i.LCD_SSD_BackLightSet) refers to ili93xx.o(i.LCD_WR_REG) for LCD_WR_REG
    ili93xx.o(i.LCD_SSD_BackLightSet) refers to ili93xx.o(i.LCD_WR_DATA) for LCD_WR_DATA
    ili93xx.o(i.LCD_SSD_BackLightSet) refers to dfltui.o(.text) for __aeabi_ui2d
    ili93xx.o(i.LCD_SSD_BackLightSet) refers to dmul.o(.text) for __aeabi_dmul
    ili93xx.o(i.LCD_SSD_BackLightSet) refers to dfixui.o(.text) for __aeabi_d2uiz
    ili93xx.o(i.LCD_Scan_Dir) refers to ili93xx.o(i.LCD_WriteReg) for LCD_WriteReg
    ili93xx.o(i.LCD_Scan_Dir) refers to ili93xx.o(i.LCD_WR_REG) for LCD_WR_REG
    ili93xx.o(i.LCD_Scan_Dir) refers to ili93xx.o(i.LCD_WR_DATA) for LCD_WR_DATA
[...]
    Removing stm32f1xx_hal_tim.o(i.HAL_TIM_ConfigOCrefClear), (270 bytes).
    Removing stm32f1xx_hal_tim.o(i.HAL_TIM_ConfigTI1Input), (22 bytes).
    Removing stm32f1xx_hal_tim.o(i.HAL_TIM_DMABurstState), (8 bytes).
    Removing stm32f1xx_hal_tim.o(i.HAL_TIM_DMABurst_MultiReadStart), (460 bytes).
    Removing stm32f1xx_hal_tim.o(i.HAL_TIM_DMABurst_MultiWriteStart), (460 bytes).
    Removing stm32f1xx_hal_tim.o(i.HAL_TIM_DMABurst_ReadStart), (38 bytes).
    Removing stm32f1xx_hal_tim.o(i.HAL_TIM_DMABurst_ReadStop), (134 bytes).
    Removing stm32f1xx_hal_tim.o(i.HAL_TIM_DMABurst_WriteStart), (38 bytes).
    Removing stm32f1xx_hal_tim.o(i.HAL_TIM_DMABurst_WriteStop), (134 bytes).
    Removing stm32f1xx_hal_tim.o(i.HAL_TIM_Encoder_DeInit), (96 bytes).
    Removing stm32f1xx_hal_tim.o(i.HAL_TIM_Encoder_GetState), (8 bytes).
    Removing stm32f1xx_hal_tim.o(i.HAL_TIM_Encoder_Init), (196 bytes).
    Removing stm32f1xx_hal_tim.o(i.HAL_TIM_Encoder_MspDeInit), (2 bytes).
    Removing stm32f1xx_hal_tim.o(i.HAL_TIM_Encoder_MspInit), (2 bytes).
    Removing stm32f1xx_hal_tim.o(i.HAL_TIM_Encoder_Start), (204 bytes).
    Removing stm32f1xx_hal_tim.o(i.HAL_TIM_Encoder_Start_DMA), (564 bytes).
    Removing stm32f1xx_hal_tim.o(i.HAL_TIM_Encoder_Start_IT), (252 bytes).
    Removing stm32f1xx_hal_tim.o(i.HAL_TIM_Encoder_Stop), (214 bytes).
    Removing stm32f1xx_hal_tim.o(i.HAL_TIM_Encoder_Stop_DMA), (280 bytes).
    Removing stm32f1xx_hal_tim.o(i.HAL_TIM_Encoder_Stop_IT), (256 bytes).
    Removing stm32f1xx_hal_tim.o(i.HAL_TIM_ErrorCallback), (2 bytes).
    Removing stm32f1xx_hal_tim.o(i.HAL_TIM_GenerateEvent), (54 bytes).
    Removing stm32f1xx_hal_tim.o(i.HAL_TIM_GetActiveChannel), (6 bytes).
    Removing stm32f1xx_hal_tim.o(i.HAL_TIM_GetChannelState), (38 bytes).
    Removing stm32f1xx_hal_tim.o(i.HAL_TIM_IC_CaptureCallback), (2 bytes).
    Removing stm32f1xx_hal_tim.o(i.HAL_TIM_IC_CaptureHalfCpltCallback), (2 bytes).
    Removing stm32f1xx_hal_tim.o(i.HAL_TIM_IC_ConfigChannel), (212 bytes).
    Removing stm32f1xx_hal_tim.o(i.HAL_TIM_IC_DeInit), (120 bytes).
    Removing stm32f1xx_hal_tim.o(i.HAL_TIM_IC_GetState), (8 bytes).
    Removing stm32f1xx_hal_tim.o(i.HAL_TIM_IC_Init), (102 bytes).
    Removing stm32f1xx_hal_tim.o(i.HAL_TIM_IC_MspDeInit), (2 bytes).
    Removing stm32f1xx_hal_tim.o(i.HAL_TIM_IC_MspInit), (2 bytes).
    Removing stm32f1xx_hal_tim.o(i.HAL_TIM_IC_Start), (292 bytes).
    Removing stm32f1xx_hal_tim.o(i.HAL_TIM_IC_Start_DMA), (576 bytes).
    Removing stm32f1xx_hal_tim.o(i.HAL_TIM_IC_Start_IT), (368 bytes).
    Removing stm32f1xx_hal_tim.o(i.HAL_TIM_IC_Stop), (138 bytes).
    Removing stm32f1xx_hal_tim.o(i.HAL_TIM_IC_Stop_DMA), (238 bytes).
    Removing stm32f1xx_hal_tim.o(i.HAL_TIM_IC_Stop_IT), (214 bytes).
    Removing stm32f1xx_hal_tim.o(i.HAL_TIM_IRQHandler), (406 bytes).
    Removing stm32f1xx_hal_tim.o(i.HAL_TIM_OC_ConfigChannel), (104 bytes).
    Removing stm32f1xx_hal_tim.o(i.HAL_TIM_OC_DeInit), (120 bytes).
    Removing stm32f1xx_hal_tim.o(i.HAL_TIM_OC_DelayElapsedCallback), (2 bytes).
    Removing stm32f1xx_hal_tim.o(i.HAL_TIM_OC_GetState), (8 bytes).
    Removing stm32f1xx_hal_tim.o(i.HAL_TIM_OC_Init), (102 bytes).
    Removing stm32f1xx_hal_tim.o(i.HAL_TIM_OC_MspDeInit), (2 bytes).
    Removing stm32f1xx_hal_tim.o(i.HAL_TIM_OC_MspInit), (2 bytes).
    Removing stm32f1xx_hal_tim.o(i.HAL_TIM_OC_Start), (244 bytes).
    Removing stm32f1xx_hal_tim.o(i.HAL_TIM_OC_Start_DMA), (548 bytes).
    Removing stm32f1xx_hal_tim.o(i.HAL_TIM_OC_Start_IT), (320 bytes).
    Removing stm32f1xx_hal_tim.o(i.HAL_TIM_OC_Stop), (168 bytes).
    Removing stm32f1xx_hal_tim.o(i.HAL_TIM_OC_Stop_DMA), (268 bytes).
    Removing stm32f1xx_hal_tim.o(i.HAL_TIM_OC_Stop_IT), (244 bytes).
    Removing stm32f1xx_hal_tim.o(i.HAL_TIM_OnePulse_ConfigChannel), (286 bytes).
    Removing stm32f1xx_hal_tim.o(i.HAL_TIM_OnePulse_DeInit), (96 bytes).
    Removing stm32f1xx_hal_tim.o(i.HAL_TIM_OnePulse_GetState), (8 bytes).
    Removing stm32f1xx_hal_tim.o(i.HAL_TIM_OnePulse_Init), (102 bytes).
    Removing stm32f1xx_hal_tim.o(i.HAL_TIM_OnePulse_MspDeInit), (2 bytes).
    Removing stm32f1xx_hal_tim.o(i.HAL_TIM_OnePulse_MspInit), (2 bytes).
    Removing stm32f1xx_hal_tim.o(i.HAL_TIM_OnePulse_Start), (140 bytes).
    Removing stm32f1xx_hal_tim.o(i.HAL_TIM_OnePulse_Start_IT), (164 bytes).
    Removing stm32f1xx_hal_tim.o(i.HAL_TIM_OnePulse_Stop), (160 bytes).
    Removing stm32f1xx_hal_tim.o(i.HAL_TIM_OnePulse_Stop_IT), (184 bytes).
    Removing stm32f1xx_hal_tim.o(i.HAL_TIM_PWM_ConfigChannel), (252 bytes).
    Removing stm32f1xx_hal_tim.o(i.HAL_TIM_PWM_DeInit), (120 bytes).
    Removing stm32f1xx_hal_tim.o(i.HAL_TIM_PWM_GetState), (8 bytes).
    Removing stm32f1xx_hal_tim.o(i.HAL_TIM_PWM_Init), (102 bytes).
    Removing stm32f1xx_hal_tim.o(i.HAL_TIM_PWM_MspDeInit), (2 bytes).
    Removing stm32f1xx_hal_tim.o(i.HAL_TIM_PWM_MspInit), (2 bytes).
    Removing stm32f1xx_hal_tim.o(i.HAL_TIM_PWM_PulseFinishedCallback), (2 bytes).
    Removing stm32f1xx_hal_tim.o(i.HAL_TIM_PWM_PulseFinishedHalfCpltCallback), (2 bytes).
    Removing stm32f1xx_hal_tim.o(i.HAL_TIM_PWM_Start), (244 bytes).
    Removing stm32f1xx_hal_tim.o(i.HAL_TIM_PWM_Start_DMA), (548 bytes).
    Removing stm32f1xx_hal_tim.o(i.HAL_TIM_PWM_Start_IT), (320 bytes).
    Removing stm32f1xx_hal_tim.o(i.HAL_TIM_PWM_Stop), (168 bytes).
    Removing stm32f1xx_hal_tim.o(i.HAL_TIM_PWM_Stop_DMA), (268 bytes).
    Removing stm32f1xx_hal_tim.o(i.HAL_TIM_PWM_Stop_IT), (244 bytes).
    Removing stm32f1xx_hal_tim.o(i.HAL_TIM_PeriodElapsedCallback), (2 bytes).
    Removing stm32f1xx_hal_tim.o(i.HAL_TIM_PeriodElapsedHalfCpltCallback), (2 bytes).
    Removing stm32f1xx_hal_tim.o(i.HAL_TIM_ReadCapturedValue), (50 bytes).
    Removing stm32f1xx_hal_tim.o(i.HAL_TIM_SlaveConfigSynchro), (108 bytes).
    Removing stm32f1xx_hal_tim.o(i.HAL_TIM_SlaveConfigSynchro_IT), (108 bytes).
    Removing stm32f1xx_hal_tim.o(i.HAL_TIM_TriggerCallback), (2 bytes).
    Removing stm32f1xx_hal_tim.o(i.HAL_TIM_TriggerHalfCpltCallback), (2 bytes).
    Removing stm32f1xx_hal_tim.o(i.TIM_CCxChannelCmd), (34 bytes).
    Removing stm32f1xx_hal_tim.o(i.TIM_DMACaptureCplt), (122 bytes).
    Removing stm32f1xx_hal_tim.o(i.TIM_DMACaptureHalfCplt), (64 bytes).
    Removing stm32f1xx_hal_tim.o(i.TIM_DMADelayPulseCplt), (104 bytes).
    Removing stm32f1xx_hal_tim.o(i.TIM_DMADelayPulseHalfCplt), (64 bytes).
    Removing stm32f1xx_hal_tim.o(i.TIM_DMAError), (94 bytes).
    Removing stm32f1xx_hal_tim.o(i.TIM_DMAPeriodElapsedCplt), (26 bytes).
    Removing stm32f1xx_hal_tim.o(i.TIM_DMAPeriodElapsedHalfCplt), (14 bytes).
    Removing stm32f1xx_hal_tim.o(i.TIM_DMATriggerCplt), (26 bytes).
    Removing stm32f1xx_hal_tim.o(i.TIM_DMATriggerHalfCplt), (14 bytes).
    Removing stm32f1xx_hal_tim.o(i.TIM_OC1_SetConfig), (112 bytes).
    Removing stm32f1xx_hal_tim.o(i.TIM_OC2_SetConfig), (124 bytes).
    Removing stm32f1xx_hal_tim.o(i.TIM_OC3_SetConfig), (120 bytes).
    Removing stm32f1xx_hal_tim.o(i.TIM_OC4_SetConfig), (84 bytes).
    Removing stm32f1xx_hal_tim.o(i.TIM_SlaveTimer_SetConfig), (170 bytes).
    Removing stm32f1xx_hal_tim.o(i.TIM_TI1_SetConfig), (124 bytes).
    Removing stm32f1xx_hal_tim.o(i.TIM_TI2_SetConfig), (58 bytes).
    Removing stm32f1xx_hal_tim.o(i.TIM_TI3_SetConfig), (56 bytes).
    Removing stm32f1xx_hal_tim.o(i.TIM_TI4_SetConfig), (60 bytes).
    Removing stm32f1xx_hal_tim_ex.o(.rev16_text), (4 bytes).
    Removing stm32f1xx_hal_tim_ex.o(.revsh_text), (4 bytes).
    Removing stm32f1xx_hal_tim_ex.o(.rrx_text), (6 bytes).
    Removing stm32f1xx_hal_tim_ex.o(i.HAL_TIMEx_BreakCallback), (2 bytes).
    Removing stm32f1xx_hal_tim_ex.o(i.HAL_TIMEx_CommutCallback), (2 bytes).
    Removing stm32f1xx_hal_tim_ex.o(i.HAL_TIMEx_CommutHalfCpltCallback), (2 bytes).
    Removing stm32f1xx_hal_tim_ex.o(i.HAL_TIMEx_ConfigBreakDeadTime), (116 bytes).
    Removing stm32f1xx_hal_tim_ex.o(i.HAL_TIMEx_ConfigCommutEvent), (134 bytes).
    Removing stm32f1xx_hal_tim_ex.o(i.HAL_TIMEx_ConfigCommutEvent_DMA), (164 bytes).
    Removing stm32f1xx_hal_tim_ex.o(i.HAL_TIMEx_ConfigCommutEvent_IT), (134 bytes).
    Removing stm32f1xx_hal_tim_ex.o(i.HAL_TIMEx_GetChannelNState), (38 bytes).
    Removing stm32f1xx_hal_tim_ex.o(i.HAL_TIMEx_HallSensor_DeInit), (96 bytes).
    Removing stm32f1xx_hal_tim_ex.o(i.HAL_TIMEx_HallSensor_GetState), (8 bytes).
    Removing stm32f1xx_hal_tim_ex.o(i.HAL_TIMEx_HallSensor_Init), (234 bytes).
    Removing stm32f1xx_hal_tim_ex.o(i.HAL_TIMEx_HallSensor_MspDeInit), (2 bytes).
    Removing stm32f1xx_hal_tim_ex.o(i.HAL_TIMEx_HallSensor_MspInit), (2 bytes).
    Removing stm32f1xx_hal_tim_ex.o(i.HAL_TIMEx_HallSensor_Start), (192 bytes).
    Removing stm32f1xx_hal_tim_ex.o(i.HAL_TIMEx_HallSensor_Start_DMA), (256 bytes).
    Removing stm32f1xx_hal_tim_ex.o(i.HAL_TIMEx_HallSensor_Start_IT), (204 bytes).
    Removing stm32f1xx_hal_tim_ex.o(i.HAL_TIMEx_HallSensor_Stop), (78 bytes).
    Removing stm32f1xx_hal_tim_ex.o(i.HAL_TIMEx_HallSensor_Stop_DMA), (84 bytes).
    Removing stm32f1xx_hal_tim_ex.o(i.HAL_TIMEx_HallSensor_Stop_IT), (90 bytes).
    Removing stm32f1xx_hal_tim_ex.o(i.HAL_TIMEx_OCN_Start), (220 bytes).
    Removing stm32f1xx_hal_tim_ex.o(i.HAL_TIMEx_OCN_Start_DMA), (464 bytes).
    Removing stm32f1xx_hal_tim_ex.o(i.HAL_TIMEx_OCN_Start_IT), (288 bytes).
    Removing stm32f1xx_hal_tim_ex.o(i.HAL_TIMEx_OCN_Stop), (136 bytes).
    Removing stm32f1xx_hal_tim_ex.o(i.HAL_TIMEx_OCN_Stop_DMA), (212 bytes).
    Removing stm32f1xx_hal_tim_ex.o(i.HAL_TIMEx_OCN_Stop_IT), (218 bytes).
    Removing stm32f1xx_hal_tim_ex.o(i.HAL_TIMEx_OnePulseN_Start), (118 bytes).
    Removing stm32f1xx_hal_tim_ex.o(i.HAL_TIMEx_OnePulseN_Start_IT), (142 bytes).
    Removing stm32f1xx_hal_tim_ex.o(i.HAL_TIMEx_OnePulseN_Stop), (138 bytes).
    Removing stm32f1xx_hal_tim_ex.o(i.HAL_TIMEx_OnePulseN_Stop_IT), (162 bytes).
    Removing stm32f1xx_hal_tim_ex.o(i.HAL_TIMEx_PWMN_Start), (220 bytes).
    Removing stm32f1xx_hal_tim_ex.o(i.HAL_TIMEx_PWMN_Start_DMA), (464 bytes).
    Removing stm32f1xx_hal_tim_ex.o(i.HAL_TIMEx_PWMN_Start_IT), (288 bytes).
    Removing stm32f1xx_hal_tim_ex.o(i.HAL_TIMEx_PWMN_Stop), (136 bytes).
    Removing stm32f1xx_hal_tim_ex.o(i.HAL_TIMEx_PWMN_Stop_DMA), (212 bytes).
    Removing stm32f1xx_hal_tim_ex.o(i.HAL_TIMEx_PWMN_Stop_IT), (218 bytes).
    Removing stm32f1xx_hal_tim_ex.o(i.HAL_TIMEx_RemapConfig), (6 bytes).
    Removing stm32f1xx_hal_tim_ex.o(i.TIMEx_DMACommutationCplt), (20 bytes).
    Removing stm32f1xx_hal_tim_ex.o(i.TIMEx_DMACommutationHalfCplt), (20 bytes).
    Removing stm32f1xx_hal_tim_ex.o(i.TIM_CCxNChannelCmd), (34 bytes).
    Removing stm32f1xx_hal_tim_ex.o(i.TIM_DMADelayPulseNCplt), (104 bytes).
    Removing stm32f1xx_hal_tim_ex.o(i.TIM_DMAErrorCCxN), (68 bytes).
    Removing stm32f1xx_hal_uart.o(.rev16_text), (4 bytes).
    Removing stm32f1xx_hal_uart.o(.revsh_text), (4 bytes).
    Removing stm32f1xx_hal_uart.o(.rrx_text), (6 bytes).
    Removing stm32f1xx_hal_uart.o(i.HAL_HalfDuplex_EnableReceiver), (68 bytes).
    Removing stm32f1xx_hal_uart.o(i.HAL_HalfDuplex_EnableTransmitter), (68 bytes).
    Removing stm32f1xx_hal_uart.o(i.HAL_HalfDuplex_Init), (118 bytes).
    Removing stm32f1xx_hal_uart.o(i.HAL_LIN_Init), (142 bytes).
    Removing stm32f1xx_hal_uart.o(i.HAL_LIN_SendBreak), (62 bytes).
    Removing stm32f1xx_hal_uart.o(i.HAL_MultiProcessor_EnterMuteMode), (62 bytes).
    Removing stm32f1xx_hal_uart.o(i.HAL_MultiProcessor_ExitMuteMode), (62 bytes).
    Removing stm32f1xx_hal_uart.o(i.HAL_MultiProcessor_Init), (154 bytes).
    Removing stm32f1xx_hal_uart.o(i.HAL_UARTEx_ReceiveToIdle), (320 bytes).
    Removing stm32f1xx_hal_uart.o(i.HAL_UARTEx_ReceiveToIdle_DMA), (114 bytes).
    Removing stm32f1xx_hal_uart.o(i.HAL_UARTEx_ReceiveToIdle_IT), (114 bytes).
    Removing stm32f1xx_hal_uart.o(i.HAL_UARTEx_RxEventCallback), (2 bytes).
    Removing stm32f1xx_hal_uart.o(i.HAL_UART_Abort), (188 bytes).
    Removing stm32f1xx_hal_uart.o(i.HAL_UART_AbortCpltCallback), (2 bytes).
    Removing stm32f1xx_hal_uart.o(i.HAL_UART_AbortReceive), (122 bytes).
    Removing stm32f1xx_hal_uart.o(i.HAL_UART_AbortReceiveCpltCallback), (2 bytes).
    Removing stm32f1xx_hal_uart.o(i.HAL_UART_AbortReceive_IT), (144 bytes).
    Removing stm32f1xx_hal_uart.o(i.HAL_UART_AbortTransmit), (88 bytes).
    Removing stm32f1xx_hal_uart.o(i.HAL_UART_AbortTransmitCpltCallback), (2 bytes).
    Removing stm32f1xx_hal_uart.o(i.HAL_UART_AbortTransmit_IT), (108 bytes).
    Removing stm32f1xx_hal_uart.o(i.HAL_UART_Abort_IT), (240 bytes).
    Removing stm32f1xx_hal_uart.o(i.HAL_UART_DMAPause), (124 bytes).
    Removing stm32f1xx_hal_uart.o(i.HAL_UART_DMAResume), (126 bytes).
    Removing stm32f1xx_hal_uart.o(i.HAL_UART_DMAStop), (102 bytes).
    Removing stm32f1xx_hal_uart.o(i.HAL_UART_DeInit), (60 bytes).
    Removing stm32f1xx_hal_uart.o(i.HAL_UART_ErrorCallback), (2 bytes).
    Removing stm32f1xx_hal_uart.o(i.HAL_UART_GetError), (6 bytes).
    Removing stm32f1xx_hal_uart.o(i.HAL_UART_GetState), (20 bytes).
    Removing stm32f1xx_hal_uart.o(i.HAL_UART_IRQHandler), (588 bytes).
    Removing stm32f1xx_hal_uart.o(i.HAL_UART_MspDeInit), (2 bytes).
    Removing stm32f1xx_hal_uart.o(i.HAL_UART_MspInit), (2 bytes).
    Removing stm32f1xx_hal_uart.o(i.HAL_UART_Receive), (220 bytes).
    Removing stm32f1xx_hal_uart.o(i.HAL_UART_Receive_DMA), (66 bytes).
    Removing stm32f1xx_hal_uart.o(i.HAL_UART_Receive_IT), (66 bytes).
    Removing stm32f1xx_hal_uart.o(i.HAL_UART_RxCpltCallback), (2 bytes).
    Removing stm32f1xx_hal_uart.o(i.HAL_UART_RxHalfCpltCallback), (2 bytes).
    Removing stm32f1xx_hal_uart.o(i.HAL_UART_Transmit), (210 bytes).
    Removing stm32f1xx_hal_uart.o(i.HAL_UART_Transmit_DMA), (156 bytes).
    Removing stm32f1xx_hal_uart.o(i.HAL_UART_Transmit_IT), (88 bytes).
    Removing stm32f1xx_hal_uart.o(i.HAL_UART_TxCpltCallback), (2 bytes).
    Removing stm32f1xx_hal_uart.o(i.HAL_UART_TxHalfCpltCallback), (2 bytes).
    Removing stm32f1xx_hal_uart.o(i.UART_DMAAbortOnError), (20 bytes).
    Removing stm32f1xx_hal_uart.o(i.UART_DMAError), (80 bytes).
    Removing stm32f1xx_hal_uart.o(i.UART_DMAReceiveCplt), (104 bytes).
    Removing stm32f1xx_hal_uart.o(i.UART_DMARxAbortCallback), (56 bytes).
    Removing stm32f1xx_hal_uart.o(i.UART_DMARxHalfCplt), (32 bytes).
    Removing stm32f1xx_hal_uart.o(i.UART_DMARxOnlyAbortCallback), (28 bytes).
    Removing stm32f1xx_hal_uart.o(i.UART_DMATransmitCplt), (54 bytes).
    Removing stm32f1xx_hal_uart.o(i.UART_DMATxAbortCallback), (56 bytes).
    Removing stm32f1xx_hal_uart.o(i.UART_DMATxHalfCplt), (14 bytes).
    Removing stm32f1xx_hal_uart.o(i.UART_DMATxOnlyAbortCallback), (24 bytes).
    Removing stm32f1xx_hal_uart.o(i.UART_EndRxTransfer), (54 bytes).
    Removing stm32f1xx_hal_uart.o(i.UART_EndTransmit_IT), (32 bytes).
    Removing stm32f1xx_hal_uart.o(i.UART_EndTxTransfer), (20 bytes).
    Removing stm32f1xx_hal_uart.o(i.UART_Receive_IT), (228 bytes).
    Removing stm32f1xx_hal_uart.o(i.UART_Start_Receive_DMA), (152 bytes).
    Removing stm32f1xx_hal_uart.o(i.UART_Start_Receive_IT), (70 bytes).
    Removing stm32f1xx_hal_uart.o(i.UART_Transmit_IT), (96 bytes).
    Removing stm32f1xx_hal_uart.o(i.UART_WaitOnFlagUntilTimeout), (108 bytes).
    Removing system_stm32f1xx.o(.rev16_text), (4 bytes).
    Removing system_stm32f1xx.o(.revsh_text), (4 bytes).
    Removing system_stm32f1xx.o(.rrx_text), (6 bytes).
    Removing system_stm32f1xx.o(i.SystemCoreClockUpdate), (164 bytes).
    Removing cr4_fft_256_stm32.o(.text), (1502 bytes).

506 unused section(s) (total 47007 bytes) removed from the image.

==============================================================================

Image Symbol Table

    Local Symbols

    Symbol Name                              Value     Ov Type        Size  Object(Section)

    ../Core/Src/adc.c                        0x00000000   Number         0  adc.o ABSOLUTE
    ../Core/Src/fsmc.c                       0x00000000   Number         0  fsmc.o ABSOLUTE
    ../Core/Src/gpio.c                       0x00000000   Number         0  gpio.o ABSOLUTE
    ../Core/Src/main.c                       0x00000000   Number         0  main.o ABSOLUTE
    ../Core/Src/stm32f1xx_hal_msp.c          0x00000000   Number         0  stm32f1xx_hal_msp.o ABSOLUTE
    ../Core/Src/stm32f1xx_it.c               0x00000000   Number         0  stm32f1xx_it.o ABSOLUTE
    ../Core/Src/system_stm32f1xx.c           0x00000000   Number         0  system_stm32f1xx.o ABSOLUTE
    ../Core/Src/tim.c                        0x00000000   Number         0  tim.o ABSOLUTE
    ../Core/Src/usart.c                      0x00000000   Number         0  usart.o ABSOLUTE
    ../Drivers/STM32F1xx_HAL_Driver/Src/stm32f1xx_hal.c 0x00000000   Number         0  stm32f1xx_hal.o ABSOLUTE
    ../Drivers/STM32F1xx_HAL_Driver/Src/stm32f1xx_hal_adc.c 0x00000000   Number         0  stm32f1xx_hal_adc.o ABSOLUTE
    ../Drivers/STM32F1xx_HAL_Driver/Src/stm32f1xx_hal_adc_ex.c 0x00000000   Number         0  stm32f1xx_hal_adc_ex.o ABSOLUTE
    ../Drivers/STM32F1xx_HAL_Driver/Src/stm32f1xx_hal_cortex.c 0x00000000   Number         0  stm32f1xx_hal_cortex.o ABSOLUTE
    ../Drivers/STM32F1xx_HAL_Driver/Src/stm32f1xx_hal_dma.c 0x00000000   Number         0  stm32f1xx_hal_dma.o ABSOLUTE
    ../Drivers/STM32F1xx_HAL_Driver/Src/stm32f1xx_hal_exti.c 0x00000000   Number         0  stm32f1xx_hal_exti.o ABSOLUTE
    ../Drivers/STM32F1xx_HAL_Driver/Src/stm32f1xx_hal_flash.c 0x00000000   Number         0  stm32f1xx_hal_flash.o ABSOLUTE
    ../Drivers/STM32F1xx_HAL_Driver/Src/stm32f1xx_hal_flash_ex.c 0x00000000   Number         0  stm32f1xx_hal_flash_ex.o ABSOLUTE
    ../Drivers/STM32F1xx_HAL_Driver/Src/stm32f1xx_hal_gpio.c 0x00000000   Number         0  stm32f1xx_hal_gpio.o ABSOLUTE
    ../Drivers/STM32F1xx_HAL_Driver/Src/stm32f1xx_hal_gpio_ex.c 0x00000000   Number         0  stm32f1xx_hal_gpio_ex.o ABSOLUTE
    ../Drivers/STM32F1xx_HAL_Driver/Src/stm32f1xx_hal_pwr.c 0x00000000   Number         0  stm32f1xx_hal_pwr.o ABSOLUTE
    ../Drivers/STM32F1xx_HAL_Driver/Src/stm32f1xx_hal_rcc.c 0x00000000   Number         0  stm32f1xx_hal_rcc.o ABSOLUTE
    ../Drivers/STM32F1xx_HAL_Driver/Src/stm32f1xx_hal_rcc_ex.c 0x00000000   Number         0  stm32f1xx_hal_rcc_ex.o ABSOLUTE
    ../Drivers/STM32F1xx_HAL_Driver/Src/stm32f1xx_hal_sram.c 0x00000000   Number         0  stm32f1xx_hal_sram.o ABSOLUTE
    ../Drivers/STM32F1xx_HAL_Driver/Src/stm32f1xx_hal_tim.c 0x00000000   Number         0  stm32f1xx_hal_tim.o ABSOLUTE
    ../Drivers/STM32F1xx_HAL_Driver/Src/stm32f1xx_hal_tim_ex.c 0x00000000   Number         0  stm32f1xx_hal_tim_ex.o ABSOLUTE
    ../Drivers/STM32F1xx_HAL_Driver/Src/stm32f1xx_hal_uart.c 0x00000000   Number         0  stm32f1xx_hal_uart.o ABSOLUTE
    ../Drivers/STM32F1xx_HAL_Driver/Src/stm32f1xx_ll_fsmc.c 0x00000000   Number         0  stm32f1xx_ll_fsmc.o ABSOLUTE
    ../clib/../cmprslib/lz77c.c              0x00000000   Number         0  __dclz77c.o ABSOLUTE
    ../clib/microlib/errno.c                 0x00000000   Number         0  errno.o ABSOLUTE
    ../clib/microlib/init/entry.s            0x00000000   Number         0  entry5.o ABSOLUTE
    ../clib/microlib/init/entry.s            0x00000000   Number         0  entry7a.o ABSOLUTE
    ../clib/microlib/init/entry.s            0x00000000   Number         0  entry2.o ABSOLUTE
    ../clib/microlib/init/entry.s            0x00000000   Number         0  entry.o ABSOLUTE
    ../clib/microlib/init/entry.s            0x00000000   Number         0  entry9b.o ABSOLUTE
    ../clib/microlib/init/entry.s            0x00000000   Number         0  entry10a.o ABSOLUTE
    ../clib/microlib/init/entry.s            0x00000000   Number         0  entry12b.o ABSOLUTE
    ../clib/microlib/init/entry.s            0x00000000   Number         0  entry12a.o ABSOLUTE
    ../clib/microlib/init/entry.s            0x00000000   Number         0  entry11b.o ABSOLUTE
    ../clib/microlib/init/entry.s            0x00000000   Number         0  entry11a.o ABSOLUTE
    ../clib/microlib/init/entry.s            0x00000000   Number         0  entry10b.o ABSOLUTE
    ../clib/microlib/init/entry.s            0x00000000   Number         0  entry9a.o ABSOLUTE
    ../clib/microlib/init/entry.s            0x00000000   Number         0  entry8b.o ABSOLUTE
    ../clib/microlib/init/entry.s            0x00000000   Number         0  entry8a.o ABSOLUTE
    ../clib/microlib/init/entry.s            0x00000000   Number         0  entry7b.o ABSOLUTE
    ../clib/microlib/longlong.c              0x00000000   Number         0  llsshr.o ABSOLUTE
    ../clib/microlib/longlong.c              0x00000000   Number         0  llushr.o ABSOLUTE
    ../clib/microlib/longlong.c              0x00000000   Number         0  llshl.o ABSOLUTE
    ../clib/microlib/string/memset.c         0x00000000   Number         0  memseta.o ABSOLUTE
    ../clib/microlib/stubs.s                 0x00000000   Number         0  iusefp.o ABSOLUTE
    ../fplib/microlib/d2f.c                  0x00000000   Number         0  d2f.o ABSOLUTE
    ../fplib/microlib/f2d.c                  0x00000000   Number         0  f2d.o ABSOLUTE
    ../fplib/microlib/fpadd.c                0x00000000   Number         0  fadd.o ABSOLUTE
    ../fplib/microlib/fpadd.c                0x00000000   Number         0  dadd.o ABSOLUTE
    ../fplib/microlib/fpdiv.c                0x00000000   Number         0  ddiv.o ABSOLUTE
    ../fplib/microlib/fpepilogue.c           0x00000000   Number         0  depilogue.o ABSOLUTE
    ../fplib/microlib/fpepilogue.c           0x00000000   Number         0  fepilogue.o ABSOLUTE
    ../fplib/microlib/fpfix.c                0x00000000   Number         0  dfixui.o ABSOLUTE
    ../fplib/microlib/fpfix.c                0x00000000   Number         0  ffixi.o ABSOLUTE
    ../fplib/microlib/fpflt.c                0x00000000   Number         0  dfltui.o ABSOLUTE
    ../fplib/microlib/fpflt.c                0x00000000   Number         0  fflti.o ABSOLUTE
    ../fplib/microlib/fpmul.c                0x00000000   Number         0  fmul.o ABSOLUTE
    ../fplib/microlib/fpmul.c                0x00000000   Number         0  dmul.o ABSOLUTE
    ../fplib/microlib/fpsqrt.c               0x00000000   Number         0  dsqrt.o ABSOLUTE
    ../mathlib/sqrt.c                        0x00000000   Number         0  sqrt.o ABSOLUTE
    ../mathlib/sqrt.c                        0x00000000   Number         0  sqrt_x.o ABSOLUTE
    ..\Core\Src\ILI93xx.c                    0x00000000   Number         0  ili93xx.o ABSOLUTE
    ..\Core\Src\adc.c                        0x00000000   Number         0  adc.o ABSOLUTE
    ..\Core\Src\fsmc.c                       0x00000000   Number         0  fsmc.o ABSOLUTE
    ..\Core\Src\gpio.c                       0x00000000   Number         0  gpio.o ABSOLUTE
    ..\Core\Src\main.c                       0x00000000   Number         0  main.o ABSOLUTE
    ..\Core\Src\stm32f1xx_hal_msp.c          0x00000000   Number         0  stm32f1xx_hal_msp.o ABSOLUTE
    ..\Core\Src\stm32f1xx_it.c               0x00000000   Number         0  stm32f1xx_it.o ABSOLUTE
    ..\Core\Src\system_stm32f1xx.c           0x00000000   Number         0  system_stm32f1xx.o ABSOLUTE
    ..\Core\Src\tim.c                        0x00000000   Number         0  tim.o ABSOLUTE
    ..\Core\Src\usart.c                      0x00000000   Number         0  usart.o ABSOLUTE
    ..\Drivers\STM32F1xx_HAL_Driver\Src\stm32f1xx_hal.c 0x00000000   Number         0  stm32f1xx_hal.o ABSOLUTE
    ..\Drivers\STM32F1xx_HAL_Driver\Src\stm32f1xx_hal_adc.c 0x00000000   Number         0  stm32f1xx_hal_adc.o ABSOLUTE
    ..\Drivers\STM32F1xx_HAL_Driver\Src\stm32f1xx_hal_adc_ex.c 0x00000000   Number         0  stm32f1xx_hal_adc_ex.o ABSOLUTE
    ..\Drivers\STM32F1xx_HAL_Driver\Src\stm32f1xx_hal_cortex.c 0x00000000   Number         0  stm32f1xx_hal_cortex.o ABSOLUTE
    ..\Drivers\STM32F1xx_HAL_Driver\Src\stm32f1xx_hal_dma.c 0x00000000   Number         0  stm32f1xx_hal_dma.o ABSOLUTE
    ..\Drivers\STM32F1xx_HAL_Driver\Src\stm32f1xx_hal_exti.c 0x00000000   Number         0  stm32f1xx_hal_exti.o ABSOLUTE
    ..\Drivers\STM32F1xx_HAL_Driver\Src\stm32f1xx_hal_flash.c 0x00000000   Number         0  stm32f1xx_hal_flash.o ABSOLUTE
    ..\Drivers\STM32F1xx_HAL_Driver\Src\stm32f1xx_hal_flash_ex.c 0x00000000   Number         0  stm32f1xx_hal_flash_ex.o ABSOLUTE
    ..\Drivers\STM32F1xx_HAL_Driver\Src\stm32f1xx_hal_gpio.c 0x00000000   Number         0  stm32f1xx_hal_gpio.o ABSOLUTE
    ..\Drivers\STM32F1xx_HAL_Driver\Src\stm32f1xx_hal_gpio_ex.c 0x00000000   Number         0  stm32f1xx_hal_gpio_ex.o ABSOLUTE
    ..\Drivers\STM32F1xx_HAL_Driver\Src\stm32f1xx_hal_pwr.c 0x00000000   Number         0  stm32f1xx_hal_pwr.o ABSOLUTE
    ..\Drivers\STM32F1xx_HAL_Driver\Src\stm32f1xx_hal_rcc.c 0x00000000   Number         0  stm32f1xx_hal_rcc.o ABSOLUTE
    ..\Drivers\STM32F1xx_HAL_Driver\Src\stm32f1xx_hal_rcc_ex.c 0x00000000   Number         0  stm32f1xx_hal_rcc_ex.o ABSOLUTE
    ..\Drivers\STM32F1xx_HAL_Driver\Src\stm32f1xx_hal_sram.c 0x00000000   Number         0  stm32f1xx_hal_sram.o ABSOLUTE
    ..\Drivers\STM32F1xx_HAL_Driver\Src\stm32f1xx_hal_tim.c 0x00000000   Number         0  stm32f1xx_hal_tim.o ABSOLUTE
    ..\Drivers\STM32F1xx_HAL_Driver\Src\stm32f1xx_hal_tim_ex.c 0x00000000   Number         0  stm32f1xx_hal_tim_ex.o ABSOLUTE
    ..\Drivers\STM32F1xx_HAL_Driver\Src\stm32f1xx_hal_uart.c 0x00000000   Number         0  stm32f1xx_hal_uart.o ABSOLUTE
    ..\Drivers\STM32F1xx_HAL_Driver\Src\stm32f1xx_ll_fsmc.c 0x00000000   Number         0  stm32f1xx_ll_fsmc.o ABSOLUTE
    ..\\Core\\Src\\ILI93xx.c                 0x00000000   Number         0  ili93xx.o ABSOLUTE
    cdcmple.s                                0x00000000   Number         0  cdcmple.o ABSOLUTE
    cdrcmple.s                               0x00000000   Number         0  cdrcmple.o ABSOLUTE
    dc.s                                     0x00000000   Number         0  dc.o ABSOLUTE
    dsp\cr4_fft_1024_stm32.s                 0x00000000   Number         0  cr4_fft_1024_stm32.o ABSOLUTE
    dsp\cr4_fft_256_stm32.s                  0x00000000   Number         0  cr4_fft_256_stm32.o ABSOLUTE
    handlers.s                               0x00000000   Number         0  handlers.o ABSOLUTE
    init.s                                   0x00000000   Number         0  init.o ABSOLUTE
    startup_stm32f103xe.s                    0x00000000   Number         0  startup_stm32f103xe.o ABSOLUTE
    RESET                                    0x08000000   Section      304  startup_stm32f103xe.o(RESET)
    .ARM.Collect$$$$00000000                 0x08000130   Section        0  entry.o(.ARM.Collect$$$$00000000)
    .ARM.Collect$$$$00000001                 0x08000130   Section        4  entry2.o(.ARM.Collect$$$$00000001)
    .ARM.Collect$$$$00000004                 0x08000134   Section        4  entry5.o(.ARM.Collect$$$$00000004)
    .ARM.Collect$$$$00000008                 0x08000138   Section        0  entry7b.o(.ARM.Collect$$$$00000008)
    .ARM.Collect$$$$0000000A                 0x08000138   Section        0  entry8b.o(.ARM.Collect$$$$0000000A)
    .ARM.Collect$$$$0000000B                 0x08000138   Section        8  entry9a.o(.ARM.Collect$$$$0000000B)
    .ARM.Collect$$$$0000000E                 0x08000140   Section        4  entry12b.o(.ARM.Collect$$$$0000000E)
    .ARM.Collect$$$$0000000F                 0x08000144   Section        0  entry10a.o(.ARM.Collect$$$$0000000F)
    .ARM.Collect$$$$00000011                 0x08000144   Section        0  entry11a.o(.ARM.Collect$$$$00000011)
    .ARM.Collect$$$$00002712                 0x08000144   Section        4  entry2.o(.ARM.Collect$$$$00002712)
    __lit__00000000                          0x08000144   Data           4  entry2.o(.ARM.Collect$$$$00002712)
    .text                                    0x08000148   Section       36  startup_stm32f103xe.o(.text)
    .text                                    0x0800016c   Section     4576  cr4_fft_1024_stm32.o(.text)
    .text                                    0x0800134c   Section        0  llushr.o(.text)
    .text                                    0x0800136c   Section        0  memseta.o(.text)
    .text                                    0x08001390   Section        0  fadd.o(.text)
    .text                                    0x08001440   Section        0  fmul.o(.text)
    .text                                    0x080014a4   Section        0  dadd.o(.text)
    .text                                    0x080015f2   Section        0  dmul.o(.text)
    .text                                    0x080016d6   Section        0  ddiv.o(.text)
    .text                                    0x080017b4   Section        0  fflti.o(.text)
    .text                                    0x080017c6   Section        0  dfltui.o(.text)
    .text                                    0x080017e0   Section        0  ffixi.o(.text)
    .text                                    0x08001812   Section        0  dfixui.o(.text)
    .text                                    0x08001844   Section        0  f2d.o(.text)
    .text                                    0x0800186c   Section       48  cdcmple.o(.text)
    .text                                    0x0800189c   Section       48  cdrcmple.o(.text)
    .text                                    0x080018cc   Section        0  d2f.o(.text)
    .text                                    0x08001904   Section        0  llshl.o(.text)
    .text                                    0x08001922   Section        0  llsshr.o(.text)
    .text                                    0x08001946   Section        0  iusefp.o(.text)
    .text                                    0x08001946   Section        0  fepilogue.o(.text)
    .text                                    0x080019b4   Section        0  depilogue.o(.text)
    .text                                    0x08001a6e   Section        0  dsqrt.o(.text)
    .text                                    0x08001b10   Section       36  init.o(.text)
    .text                                    0x08001b34   Section        0  __dclz77c.o(.text)
    i.ADC_ConversionStop_Disable             0x08001b92   Section        0  stm32f1xx_hal_adc.o(i.ADC_ConversionStop_Disable)
    i.ADC_Enable                             0x08001bf0   Section        0  stm32f1xx_hal_adc.o(i.ADC_Enable)
    i.BusFault_Handler                       0x08001c80   Section        0  stm32f1xx_it.o(i.BusFault_Handler)
    i.DebugMon_Handler                       0x08001c84   Section        0  stm32f1xx_it.o(i.DebugMon_Handler)
    i.EXTI3_IRQHandler                       0x08001c88   Section        0  main.o(i.EXTI3_IRQHandler)
    i.EXTI4_IRQHandler                       0x08001d50   Section        0  main.o(i.EXTI4_IRQHandler)
    i.Error_Handler                          0x08001e28   Section        0  main.o(i.Error_Handler)
    i.FSMC_NORSRAM_Extended_Timing_Init      0x08001e30   Section        0  stm32f1xx_ll_fsmc.o(i.FSMC_NORSRAM_Extended_Timing_Init)
    i.FSMC_NORSRAM_Init                      0x08001e74   Section        0  stm32f1xx_ll_fsmc.o(i.FSMC_NORSRAM_Init)
    i.FSMC_NORSRAM_Timing_Init               0x08001eec   Section        0  stm32f1xx_ll_fsmc.o(i.FSMC_NORSRAM_Timing_Init)
    i.GetPowerMag                            0x08001f30   Section        0  main.o(i.GetPowerMag)
    i.HAL_ADC_ConfigChannel                  0x08002210   Section        0  stm32f1xx_hal_adc.o(i.HAL_ADC_ConfigChannel)
    i.HAL_ADC_GetValue                       0x08002370   Section        0  stm32f1xx_hal_adc.o(i.HAL_ADC_GetValue)
    i.HAL_ADC_Init                           0x08002378   Section        0  stm32f1xx_hal_adc.o(i.HAL_ADC_Init)
    i.HAL_ADC_MspInit                        0x080024d8   Section        0  adc.o(i.HAL_ADC_MspInit)
    i.HAL_ADC_Start                          0x08002548   Section        0  stm32f1xx_hal_adc.o(i.HAL_ADC_Start)
    i.HAL_Delay                              0x08002678   Section        0  stm32f1xx_hal.o(i.HAL_Delay)
    i.HAL_FSMC_MspInit                       0x080026a0   Section        0  fsmc.o(i.HAL_FSMC_MspInit)
    HAL_FSMC_MspInit                         0x080026a1   Thumb Code   128  fsmc.o(i.HAL_FSMC_MspInit)
    i.HAL_GPIO_Init                          0x08002734   Section        0  stm32f1xx_hal_gpio.o(i.HAL_GPIO_Init)
    i.HAL_GPIO_ReadPin                       0x08002a74   Section        0  stm32f1xx_hal_gpio.o(i.HAL_GPIO_ReadPin)
    i.HAL_GPIO_TogglePin                     0x08002a84   Section        0  stm32f1xx_hal_gpio.o(i.HAL_GPIO_TogglePin)
    i.HAL_GPIO_WritePin                      0x08002a98   Section        0  stm32f1xx_hal_gpio.o(i.HAL_GPIO_WritePin)
    i.HAL_GetTick                            0x08002aa4   Section        0  stm32f1xx_hal.o(i.HAL_GetTick)
    i.HAL_IncTick                            0x08002ab0   Section        0  stm32f1xx_hal.o(i.HAL_IncTick)
    i.HAL_Init                               0x08002ac8   Section        0  stm32f1xx_hal.o(i.HAL_Init)
    i.HAL_InitTick                           0x08002af0   Section        0  stm32f1xx_hal.o(i.HAL_InitTick)
    i.HAL_MspInit                            0x08002b3c   Section        0  stm32f1xx_hal_msp.o(i.HAL_MspInit)
    i.HAL_NVIC_EnableIRQ                     0x08002b98   Section        0  stm32f1xx_hal_cortex.o(i.HAL_NVIC_EnableIRQ)
    i.HAL_NVIC_SetPriority                   0x08002bb8   Section        0  stm32f1xx_hal_cortex.o(i.HAL_NVIC_SetPriority)
    i.HAL_NVIC_SetPriorityGrouping           0x08002c34   Section        0  stm32f1xx_hal_cortex.o(i.HAL_NVIC_SetPriorityGrouping)
    i.HAL_RCCEx_PeriphCLKConfig              0x08002c5c   Section        0  stm32f1xx_hal_rcc_ex.o(i.HAL_RCCEx_PeriphCLKConfig)
    i.HAL_RCC_ClockConfig                    0x08002d8c   Section        0  stm32f1xx_hal_rcc.o(i.HAL_RCC_ClockConfig)
    i.HAL_RCC_GetHCLKFreq                    0x08002f18   Section        0  stm32f1xx_hal_rcc.o(i.HAL_RCC_GetHCLKFreq)
    i.HAL_RCC_GetPCLK1Freq                   0x08002f24   Section        0  stm32f1xx_hal_rcc.o(i.HAL_RCC_GetPCLK1Freq)
    i.HAL_RCC_GetPCLK2Freq                   0x08002f44   Section        0  stm32f1xx_hal_rcc.o(i.HAL_RCC_GetPCLK2Freq)
    i.HAL_RCC_GetSysClockFreq                0x08002f64   Section        0  stm32f1xx_hal_rcc.o(i.HAL_RCC_GetSysClockFreq)
    i.HAL_RCC_OscConfig                      0x08002ff8   Section        0  stm32f1xx_hal_rcc.o(i.HAL_RCC_OscConfig)
    i.HAL_SRAM_Init                          0x0800345c   Section        0  stm32f1xx_hal_sram.o(i.HAL_SRAM_Init)
    i.HAL_SRAM_MspInit                       0x080034c2   Section        0  fsmc.o(i.HAL_SRAM_MspInit)
    i.HAL_SYSTICK_Config                     0x080034cc   Section        0  stm32f1xx_hal_cortex.o(i.HAL_SYSTICK_Config)
    i.HAL_TIMEx_MasterConfigSynchronization  0x08003500   Section        0  stm32f1xx_hal_tim_ex.o(i.HAL_TIMEx_MasterConfigSynchronization)
    i.HAL_TIM_Base_Init                      0x0800359c   Section        0  stm32f1xx_hal_tim.o(i.HAL_TIM_Base_Init)
    i.HAL_TIM_Base_MspInit                   0x08003604   Section        0  tim.o(i.HAL_TIM_Base_MspInit)
    i.HAL_TIM_Base_Start                     0x08003648   Section        0  stm32f1xx_hal_tim.o(i.HAL_TIM_Base_Start)
    i.HAL_TIM_ConfigClockSource              0x080036cc   Section        0  stm32f1xx_hal_tim.o(i.HAL_TIM_ConfigClockSource)
    i.HAL_UART_Init                          0x080037d4   Section        0  stm32f1xx_hal_uart.o(i.HAL_UART_Init)
    i.HAL_UART_MspInit                       0x08003848   Section        0  usart.o(i.HAL_UART_MspInit)
    i.HardFault_Handler                      0x080038d0   Section        0  stm32f1xx_it.o(i.HardFault_Handler)
    i.LCD_Clear                              0x080038d4   Section        0  ili93xx.o(i.LCD_Clear)
    i.LCD_Display_Dir                        0x08003908   Section        0  ili93xx.o(i.LCD_Display_Dir)
    i.LCD_DrawLine                           0x08003a68   Section        0  ili93xx.o(i.LCD_DrawLine)
    i.LCD_DrawPoint                          0x08003b18   Section        0  ili93xx.o(i.LCD_DrawPoint)
    i.LCD_Fast_DrawPoint                     0x08003b3c   Section        0  ili93xx.o(i.LCD_Fast_DrawPoint)
    i.LCD_Pow                                0x08003cb8   Section        0  ili93xx.o(i.LCD_Pow)
    i.LCD_RD_DATA                            0x08003cd0   Section        0  ili93xx.o(i.LCD_RD_DATA)
    i.LCD_SSD_BackLightSet                   0x08003ce4   Section        0  ili93xx.o(i.LCD_SSD_BackLightSet)
    i.LCD_Scan_Dir                           0x08003d38   Section        0  ili93xx.o(i.LCD_Scan_Dir)
    i.LCD_SetCursor                          0x08003fac   Section        0  ili93xx.o(i.LCD_SetCursor)
    i.LCD_ShowChar                           0x080040e4   Section        0  ili93xx.o(i.LCD_ShowChar)
    i.LCD_ShowNum                            0x08004220   Section        0  ili93xx.o(i.LCD_ShowNum)
    i.LCD_ShowString                         0x080042b4   Section        0  ili93xx.o(i.LCD_ShowString)
    i.LCD_WR_DATA                            0x0800431c   Section        0  ili93xx.o(i.LCD_WR_DATA)
    i.LCD_WR_REG                             0x08004334   Section        0  ili93xx.o(i.LCD_WR_REG)
    i.LCD_WriteRAM_Prepare                   0x0800434c   Section        0  ili93xx.o(i.LCD_WriteRAM_Prepare)
    i.LCD_WriteReg                           0x08004360   Section        0  ili93xx.o(i.LCD_WriteReg)
    i.MX_ADC1_Init                           0x08004370   Section        0  adc.o(i.MX_ADC1_Init)
    i.MX_FSMC_Init                           0x080043c8   Section        0  fsmc.o(i.MX_FSMC_Init)
    i.MX_GPIO_Init                           0x0800447c   Section        0  gpio.o(i.MX_GPIO_Init)
    i.MX_TIM3_Init                           0x080045ec   Section        0  tim.o(i.MX_TIM3_Init)
    i.MX_USART1_UART_Init                    0x0800465c   Section        0  usart.o(i.MX_USART1_UART_Init)
    i.MemManage_Handler                      0x08004694   Section        0  stm32f1xx_it.o(i.MemManage_Handler)
    i.NMI_Handler                            0x08004698   Section        0  stm32f1xx_it.o(i.NMI_Handler)
    i.PendSV_Handler                         0x0800469c   Section        0  stm32f1xx_it.o(i.PendSV_Handler)
    i.RCC_Delay                              0x080046a0   Section        0  stm32f1xx_hal_rcc.o(i.RCC_Delay)
    RCC_Delay                                0x080046a1   Thumb Code    36  stm32f1xx_hal_rcc.o(i.RCC_Delay)
    i.SVC_Handler                            0x080046c8   Section        0  stm32f1xx_it.o(i.SVC_Handler)
    i.SysTick_Handler                        0x080046ca   Section        0  stm32f1xx_it.o(i.SysTick_Handler)
    i.SystemClock_Config                     0x080046d2   Section        0  main.o(i.SystemClock_Config)
    i.SystemInit                             0x08004754   Section        0  system_stm32f1xx.o(i.SystemInit)
    i.TFTLCD_Init                            0x08004758   Section        0  ili93xx.o(i.TFTLCD_Init)
    i.TIM3_IRQHandler                        0x08006b00   Section        0  main.o(i.TIM3_IRQHandler)
    i.TIM_Base_SetConfig                     0x08006bdc   Section        0  stm32f1xx_hal_tim.o(i.TIM_Base_SetConfig)
    i.TIM_ETR_SetConfig                      0x08006c78   Section        0  stm32f1xx_hal_tim.o(i.TIM_ETR_SetConfig)
    i.TIM_ITRx_SetConfig                     0x08006c8e   Section        0  stm32f1xx_hal_tim.o(i.TIM_ITRx_SetConfig)
    TIM_ITRx_SetConfig                       0x08006c8f   Thumb Code    18  stm32f1xx_hal_tim.o(i.TIM_ITRx_SetConfig)
    i.TIM_TI1_ConfigInputStage               0x08006ca0   Section        0  stm32f1xx_hal_tim.o(i.TIM_TI1_ConfigInputStage)
    TIM_TI1_ConfigInputStage                 0x08006ca1   Thumb Code    38  stm32f1xx_hal_tim.o(i.TIM_TI1_ConfigInputStage)
    i.TIM_TI2_ConfigInputStage               0x08006cc6   Section        0  stm32f1xx_hal_tim.o(i.TIM_TI2_ConfigInputStage)
    TIM_TI2_ConfigInputStage                 0x08006cc7   Thumb Code    40  stm32f1xx_hal_tim.o(i.TIM_TI2_ConfigInputStage)
    i.UART_SetConfig                         0x08006cf0   Section        0  stm32f1xx_hal_uart.o(i.UART_SetConfig)
    UART_SetConfig                           0x08006cf1   Thumb Code   248  stm32f1xx_hal_uart.o(i.UART_SetConfig)
    i.UsageFault_Handler                     0x08006dec   Section        0  stm32f1xx_it.o(i.UsageFault_Handler)
    i.__NVIC_GetPriorityGrouping             0x08006df0   Section        0  stm32f1xx_hal_cortex.o(i.__NVIC_GetPriorityGrouping)
    __NVIC_GetPriorityGrouping               0x08006df1   Thumb Code    10  stm32f1xx_hal_cortex.o(i.__NVIC_GetPriorityGrouping)
    i.__NVIC_SetPriority                     0x08006e00   Section        0  stm32f1xx_hal_cortex.o(i.__NVIC_SetPriority)
    __NVIC_SetPriority                       0x08006e01   Thumb Code    32  stm32f1xx_hal_cortex.o(i.__NVIC_SetPriority)
    i.__scatterload_copy                     0x08006e28   Section       14  handlers.o(i.__scatterload_copy)
    i.__scatterload_null                     0x08006e36   Section        2  handlers.o(i.__scatterload_null)
    i.__scatterload_zeroinit                 0x08006e38   Section       14  handlers.o(i.__scatterload_zeroinit)
    i.__set_errno                            0x08006e48   Section        0  errno.o(i.__set_errno)
    i.clear_point                            0x08006e54   Section        0  main.o(i.clear_point)
    i.getADC                                 0x08006fe4   Section        0  adc.o(i.getADC)
    i.lcd_huadian                            0x08007018   Section        0  main.o(i.lcd_huadian)
    i.lcd_huaxian                            0x0800702e   Section        0  main.o(i.lcd_huaxian)
    i.lcd_init                               0x08007054   Section        0  main.o(i.lcd_init)
    i.main                                   0x08007224   Section        0  main.o(i.main)
    i.opt_delay                              0x08007434   Section        0  ili93xx.o(i.opt_delay)
    i.sqrt                                   0x08007442   Section        0  sqrt.o(i.sqrt)
    .constdata                               0x0800748e   Section    18240  ili93xx.o(.constdata)
    .constdata                               0x0800bbce   Section       24  system_stm32f1xx.o(.constdata)
    .data                                    0x20000000   Section        8  ili93xx.o(.data)
    .data                                    0x20000008   Section     4174  main.o(.data)
    .data                                    0x20001058   Section        8  fsmc.o(.data)
    FSMC_Initialized                         0x20001058   Data           4  fsmc.o(.data)
    FSMC_DeInitialized                       0x2000105c   Data           4  fsmc.o(.data)
    .data                                    0x20001060   Section        9  stm32f1xx_hal.o(.data)
    .data                                    0x2000106c   Section        4  system_stm32f1xx.o(.data)
    .data                                    0x20001070   Section        4  errno.o(.data)
    _errno                                   0x20001070   Data           4  errno.o(.data)
    .bss                                     0x20001074   Section       86  ili93xx.o(.bss)
    .bss                                     0x200010cc   Section    20480  main.o(.bss)
    .bss                                     0x200060cc   Section       48  adc.o(.bss)
    .bss                                     0x200060fc   Section       72  fsmc.o(.bss)
    .bss                                     0x20006144   Section       72  tim.o(.bss)
    .bss                                     0x2000618c   Section       68  usart.o(.bss)
    STACK                                    0x200061d0   Section     1024  startup_stm32f103xe.o(STACK)

    Global Symbols

    Symbol Name                              Value     Ov Type        Size  Object(Section)

    BuildAttributes$$THM_ISAv4$P$D$K$B$S$PE$A:L22UL41UL21$X:L11$S22US41US21$IEEE1$IW$USESV6$~STKCKD$USESV7$~SHL$OTIME$ROPI$IEEEJ$EBA8$MICROLIB$REQ8$PRES8$EABIv2 0x00000000   Number         0  anon$$obj.o ABSOLUTE
    __ARM_use_no_argv                        0x00000000   Number         0  main.o ABSOLUTE
    __arm_fini_                               - Undefined Weak Reference
    __cpp_initialize__aeabi_                  - Undefined Weak Reference
    __cxa_finalize                            - Undefined Weak Reference
    _clock_init                               - Undefined Weak Reference
    _microlib_exit                            - Undefined Weak Reference
    __Vectors_Size                           0x00000130   Number         0  startup_stm32f103xe.o ABSOLUTE
    __Vectors                                0x08000000   Data           4  startup_stm32f103xe.o(RESET)
    __Vectors_End                            0x08000130   Data           0  startup_stm32f103xe.o(RESET)
    __main                                   0x08000131   Thumb Code     0  entry.o(.ARM.Collect$$$$00000000)
    _main_stk                                0x08000131   Thumb Code     0  entry2.o(.ARM.Collect$$$$00000001)
    _main_scatterload                        0x08000135   Thumb Code     0  entry5.o(.ARM.Collect$$$$00000004)
    __main_after_scatterload                 0x08000139   Thumb Code     0  entry5.o(.ARM.Collect$$$$00000004)
    _main_clock                              0x08000139   Thumb Code     0  entry7b.o(.ARM.Collect$$$$00000008)
    _main_cpp_init                           0x08000139   Thumb Code     0  entry8b.o(.ARM.Collect$$$$0000000A)
    _main_init                               0x08000139   Thumb Code     0  entry9a.o(.ARM.Collect$$$$0000000B)
    __rt_lib_shutdown_fini                   0x08000141   Thumb Code     0  entry12b.o(.ARM.Collect$$$$0000000E)
    __rt_final_cpp                           0x08000145   Thumb Code     0  entry10a.o(.ARM.Collect$$$$0000000F)
    __rt_final_exit                          0x08000145   Thumb Code     0  entry11a.o(.ARM.Collect$$$$00000011)
    Reset_Handler                            0x08000149   Thumb Code     8  startup_stm32f103xe.o(.text)
    ADC1_2_IRQHandler                        0x08000163   Thumb Code     0  startup_stm32f103xe.o(.text)
    ADC3_IRQHandler                          0x08000163   Thumb Code     0  startup_stm32f103xe.o(.text)
    CAN1_RX1_IRQHandler                      0x08000163   Thumb Code     0  startup_stm32f103xe.o(.text)
    CAN1_SCE_IRQHandler                      0x08000163   Thumb Code     0  startup_stm32f103xe.o(.text)
    DMA1_Channel1_IRQHandler                 0x08000163   Thumb Code     0  startup_stm32f103xe.o(.text)
    DMA1_Channel2_IRQHandler                 0x08000163   Thumb Code     0  startup_stm32f103xe.o(.text)
    DMA1_Channel3_IRQHandler                 0x08000163   Thumb Code     0  startup_stm32f103xe.o(.text)
    DMA1_Channel4_IRQHandler                 0x08000163   Thumb Code     0  startup_stm32f103xe.o(.text)
    DMA1_Channel5_IRQHandler                 0x08000163   Thumb Code     0  startup_stm32f103xe.o(.text)
    DMA1_Channel6_IRQHandler                 0x08000163   Thumb Code     0  startup_stm32f103xe.o(.text)
    DMA1_Channel7_IRQHandler                 0x08000163   Thumb Code     0  startup_stm32f103xe.o(.text)
    DMA2_Channel1_IRQHandler                 0x08000163   Thumb Code     0  startup_stm32f103xe.o(.text)
    DMA2_Channel2_IRQHandler                 0x08000163   Thumb Code     0  startup_stm32f103xe.o(.text)
    DMA2_Channel3_IRQHandler                 0x08000163   Thumb Code     0  startup_stm32f103xe.o(.text)
    DMA2_Channel4_5_IRQHandler               0x08000163   Thumb Code     0  startup_stm32f103xe.o(.text)
    EXTI0_IRQHandler                         0x08000163   Thumb Code     0  startup_stm32f103xe.o(.text)
    EXTI15_10_IRQHandler                     0x08000163   Thumb Code     0  startup_stm32f103xe.o(.text)
    EXTI1_IRQHandler                         0x08000163   Thumb Code     0  startup_stm32f103xe.o(.text)
    EXTI2_IRQHandler                         0x08000163   Thumb Code     0  startup_stm32f103xe.o(.text)
    EXTI9_5_IRQHandler                       0x08000163   Thumb Code     0  startup_stm32f103xe.o(.text)
    FLASH_IRQHandler                         0x08000163   Thumb Code     0  startup_stm32f103xe.o(.text)
    FSMC_IRQHandler                          0x08000163   Thumb Code     0  startup_stm32f103xe.o(.text)
    I2C1_ER_IRQHandler                       0x08000163   Thumb Code     0  startup_stm32f103xe.o(.text)
    I2C1_EV_IRQHandler                       0x08000163   Thumb Code     0  startup_stm32f103xe.o(.text)
    I2C2_ER_IRQHandler                       0x08000163   Thumb Code     0  startup_stm32f103xe.o(.text)
    I2C2_EV_IRQHandler                       0x08000163   Thumb Code     0  startup_stm32f103xe.o(.text)
    PVD_IRQHandler                           0x08000163   Thumb Code     0  startup_stm32f103xe.o(.text)
    RCC_IRQHandler                           0x08000163   Thumb Code     0  startup_stm32f103xe.o(.text)
    RTC_Alarm_IRQHandler                     0x08000163   Thumb Code     0  startup_stm32f103xe.o(.text)
    RTC_IRQHandler                           0x08000163   Thumb Code     0  startup_stm32f103xe.o(.text)
    SDIO_IRQHandler                          0x08000163   Thumb Code     0  startup_stm32f103xe.o(.text)
    SPI1_IRQHandler                          0x08000163   Thumb Code     0  startup_stm32f103xe.o(.text)
    SPI2_IRQHandler                          0x08000163   Thumb Code     0  startup_stm32f103xe.o(.text)
    SPI3_IRQHandler                          0x08000163   Thumb Code     0  startup_stm32f103xe.o(.text)
    TAMPER_IRQHandler                        0x08000163   Thumb Code     0  startup_stm32f103xe.o(.text)
    TIM1_BRK_IRQHandler                      0x08000163   Thumb Code     0  startup_stm32f103xe.o(.text)
    TIM1_CC_IRQHandler                       0x08000163   Thumb Code     0  startup_stm32f103xe.o(.text)
    TIM1_TRG_COM_IRQHandler                  0x08000163   Thumb Code     0  startup_stm32f103xe.o(.text)
    TIM1_UP_IRQHandler                       0x08000163   Thumb Code     0  startup_stm32f103xe.o(.text)
    TIM2_IRQHandler                          0x08000163   Thumb Code     0  startup_stm32f103xe.o(.text)
    TIM4_IRQHandler                          0x08000163   Thumb Code     0  startup_stm32f103xe.o(.text)
    TIM5_IRQHandler                          0x08000163   Thumb Code     0  startup_stm32f103xe.o(.text)
    TIM6_IRQHandler                          0x08000163   Thumb Code     0  startup_stm32f103xe.o(.text)
    TIM7_IRQHandler                          0x08000163   Thumb Code     0  startup_stm32f103xe.o(.text)
    TIM8_BRK_IRQHandler                      0x08000163   Thumb Code     0  startup_stm32f103xe.o(.text)
    TIM8_CC_IRQHandler                       0x08000163   Thumb Code     0  startup_stm32f103xe.o(.text)
    TIM8_TRG_COM_IRQHandler                  0x08000163   Thumb Code     0  startup_stm32f103xe.o(.text)
    TIM8_UP_IRQHandler                       0x08000163   Thumb Code     0  startup_stm32f103xe.o(.text)
    UART4_IRQHandler                         0x08000163   Thumb Code     0  startup_stm32f103xe.o(.text)
    UART5_IRQHandler                         0x08000163   Thumb Code     0  startup_stm32f103xe.o(.text)
    USART1_IRQHandler                        0x08000163   Thumb Code     0  startup_stm32f103xe.o(.text)
    USART2_IRQHandler                        0x08000163   Thumb Code     0  startup_stm32f103xe.o(.text)
    USART3_IRQHandler                        0x08000163   Thumb Code     0  startup_stm32f103xe.o(.text)
    USBWakeUp_IRQHandler                     0x08000163   Thumb Code     0  startup_stm32f103xe.o(.text)
    USB_HP_CAN1_TX_IRQHandler                0x08000163   Thumb Code     0  startup_stm32f103xe.o(.text)
    USB_LP_CAN1_RX0_IRQHandler               0x08000163   Thumb Code     0  startup_stm32f103xe.o(.text)
    WWDG_IRQHandler                          0x08000163   Thumb Code     0  startup_stm32f103xe.o(.text)
    cr4_fft_1024_stm32                       0x0800016d   Thumb Code     0  cr4_fft_1024_stm32.o(.text)
    __aeabi_llsr                             0x0800134d   Thumb Code    32  llushr.o(.text)
    _ll_ushift_r                             0x0800134d   Thumb Code     0  llushr.o(.text)
    __aeabi_memset                           0x0800136d   Thumb Code    14  memseta.o(.text)
    __aeabi_memset4                          0x0800136d   Thumb Code     0  memseta.o(.text)
    __aeabi_memset8                          0x0800136d   Thumb Code     0  memseta.o(.text)
    __aeabi_memclr                           0x0800137b   Thumb Code     4  memseta.o(.text)
    __aeabi_memclr4                          0x0800137b   Thumb Code     0  memseta.o(.text)
    __aeabi_memclr8                          0x0800137b   Thumb Code     0  memseta.o(.text)
    _memset$wrapper                          0x0800137f   Thumb Code    18  memseta.o(.text)
    __aeabi_fadd                             0x08001391   Thumb Code   164  fadd.o(.text)
    __aeabi_fsub                             0x08001435   Thumb Code     6  fadd.o(.text)
    __aeabi_frsub                            0x0800143b   Thumb Code     6  fadd.o(.text)
    __aeabi_fmul                             0x08001441   Thumb Code   100  fmul.o(.text)
    __aeabi_dadd                             0x080014a5   Thumb Code   322  dadd.o(.text)
    __aeabi_dsub                             0x080015e7   Thumb Code     6  dadd.o(.text)
    __aeabi_drsub                            0x080015ed   Thumb Code     6  dadd.o(.text)
    __aeabi_dmul                             0x080015f3   Thumb Code   228  dmul.o(.text)
    __aeabi_ddiv                             0x080016d7   Thumb Code   222  ddiv.o(.text)
    __aeabi_i2f                              0x080017b5   Thumb Code    18  fflti.o(.text)
    __aeabi_ui2d                             0x080017c7   Thumb Code    26  dfltui.o(.text)
    __aeabi_f2iz                             0x080017e1   Thumb Code    50  ffixi.o(.text)
    __aeabi_d2uiz                            0x08001813   Thumb Code    50  dfixui.o(.text)
    __aeabi_f2d                              0x08001845   Thumb Code    38  f2d.o(.text)
    __aeabi_cdcmpeq                          0x0800186d   Thumb Code     0  cdcmple.o(.text)
    __aeabi_cdcmple                          0x0800186d   Thumb Code    48  cdcmple.o(.text)
    __aeabi_cdrcmple                         0x0800189d   Thumb Code    48  cdrcmple.o(.text)
    __aeabi_d2f                              0x080018cd   Thumb Code    56  d2f.o(.text)
    __aeabi_llsl                             0x08001905   Thumb Code    30  llshl.o(.text)
    _ll_shift_l                              0x08001905   Thumb Code     0  llshl.o(.text)
    __aeabi_lasr                             0x08001923   Thumb Code    36  llsshr.o(.text)
    _ll_sshift_r                             0x08001923   Thumb Code     0  llsshr.o(.text)
    __I$use$fp                               0x08001947   Thumb Code     0  iusefp.o(.text)
    _float_round                             0x08001947   Thumb Code    18  fepilogue.o(.text)
    _float_epilogue                          0x08001959   Thumb Code    92  fepilogue.o(.text)
    _double_round                            0x080019b5   Thumb Code    30  depilogue.o(.text)
    _double_epilogue                         0x080019d3   Thumb Code   156  depilogue.o(.text)
    _dsqrt                                   0x08001a6f   Thumb Code   162  dsqrt.o(.text)
    __scatterload                            0x08001b11   Thumb Code    28  init.o(.text)
    __scatterload_rt2                        0x08001b11   Thumb Code     0  init.o(.text)
    __decompress                             0x08001b35   Thumb Code     0  __dclz77c.o(.text)
    __decompress2                            0x08001b35   Thumb Code    94  __dclz77c.o(.text)
    ADC_ConversionStop_Disable               0x08001b93   Thumb Code    92  stm32f1xx_hal_adc.o(i.ADC_ConversionStop_Disable)
    ADC_Enable                               0x08001bf1   Thumb Code   134  stm32f1xx_hal_adc.o(i.ADC_Enable)
    BusFault_Handler                         0x08001c81   Thumb Code     4  stm32f1xx_it.o(i.BusFault_Handler)
    DebugMon_Handler                         0x08001c85   Thumb Code     2  stm32f1xx_it.o(i.DebugMon_Handler)
    EXTI3_IRQHandler                         0x08001c89   Thumb Code   162  main.o(i.EXTI3_IRQHandler)
    EXTI4_IRQHandler                         0x08001d51   Thumb Code   186  main.o(i.EXTI4_IRQHandler)
    Error_Handler                            0x08001e29   Thumb Code     6  main.o(i.Error_Handler)
    FSMC_NORSRAM_Extended_Timing_Init        0x08001e31   Thumb Code    62  stm32f1xx_ll_fsmc.o(i.FSMC_NORSRAM_Extended_Timing_Init)
    FSMC_NORSRAM_Init                        0x08001e75   Thumb Code   116  stm32f1xx_ll_fsmc.o(i.FSMC_NORSRAM_Init)
    FSMC_NORSRAM_Timing_Init                 0x08001eed   Thumb Code    66  stm32f1xx_ll_fsmc.o(i.FSMC_NORSRAM_Timing_Init)
    GetPowerMag                              0x08001f31   Thumb Code   674  main.o(i.GetPowerMag)
    HAL_ADC_ConfigChannel                    0x08002211   Thumb Code   338  stm32f1xx_hal_adc.o(i.HAL_ADC_ConfigChannel)
    HAL_ADC_GetValue                         0x08002371   Thumb Code     8  stm32f1xx_hal_adc.o(i.HAL_ADC_GetValue)
    HAL_ADC_Init                             0x08002379   Thumb Code   340  stm32f1xx_hal_adc.o(i.HAL_ADC_Init)
    HAL_ADC_MspInit                          0x080024d9   Thumb Code    98  adc.o(i.HAL_ADC_MspInit)
    HAL_ADC_Start                            0x08002549   Thumb Code   294  stm32f1xx_hal_adc.o(i.HAL_ADC_Start)
    HAL_Delay                                0x08002679   Thumb Code    36  stm32f1xx_hal.o(i.HAL_Delay)
    HAL_GPIO_Init                            0x08002735   Thumb Code   792  stm32f1xx_hal_gpio.o(i.HAL_GPIO_Init)
    HAL_GPIO_ReadPin                         0x08002a75   Thumb Code    16  stm32f1xx_hal_gpio.o(i.HAL_GPIO_ReadPin)
    HAL_GPIO_TogglePin                       0x08002a85   Thumb Code    20  stm32f1xx_hal_gpio.o(i.HAL_GPIO_TogglePin)
    HAL_GPIO_WritePin                        0x08002a99   Thumb Code    12  stm32f1xx_hal_gpio.o(i.HAL_GPIO_WritePin)
    HAL_GetTick                              0x08002aa5   Thumb Code     6  stm32f1xx_hal.o(i.HAL_GetTick)
    HAL_IncTick                              0x08002ab1   Thumb Code    16  stm32f1xx_hal.o(i.HAL_IncTick)
    HAL_Init                                 0x08002ac9   Thumb Code    34  stm32f1xx_hal.o(i.HAL_Init)
    HAL_InitTick                             0x08002af1   Thumb Code    64  stm32f1xx_hal.o(i.HAL_InitTick)
    HAL_MspInit                              0x08002b3d   Thumb Code    82  stm32f1xx_hal_msp.o(i.HAL_MspInit)
    HAL_NVIC_EnableIRQ                       0x08002b99   Thumb Code    32  stm32f1xx_hal_cortex.o(i.HAL_NVIC_EnableIRQ)
    HAL_NVIC_SetPriority                     0x08002bb9   Thumb Code   124  stm32f1xx_hal_cortex.o(i.HAL_NVIC_SetPriority)
    HAL_NVIC_SetPriorityGrouping             0x08002c35   Thumb Code    32  stm32f1xx_hal_cortex.o(i.HAL_NVIC_SetPriorityGrouping)
    HAL_RCCEx_PeriphCLKConfig                0x08002c5d   Thumb Code   290  stm32f1xx_hal_rcc_ex.o(i.HAL_RCCEx_PeriphCLKConfig)
    HAL_RCC_ClockConfig                      0x08002d8d   Thumb Code   376  stm32f1xx_hal_rcc.o(i.HAL_RCC_ClockConfig)
    HAL_RCC_GetHCLKFreq                      0x08002f19   Thumb Code     6  stm32f1xx_hal_rcc.o(i.HAL_RCC_GetHCLKFreq)
    HAL_RCC_GetPCLK1Freq                     0x08002f25   Thumb Code    22  stm32f1xx_hal_rcc.o(i.HAL_RCC_GetPCLK1Freq)
    HAL_RCC_GetPCLK2Freq                     0x08002f45   Thumb Code    22  stm32f1xx_hal_rcc.o(i.HAL_RCC_GetPCLK2Freq)
    HAL_RCC_GetSysClockFreq                  0x08002f65   Thumb Code   116  stm32f1xx_hal_rcc.o(i.HAL_RCC_GetSysClockFreq)
    HAL_RCC_OscConfig                        0x08002ff9   Thumb Code  1114  stm32f1xx_hal_rcc.o(i.HAL_RCC_OscConfig)
    HAL_SRAM_Init                            0x0800345d   Thumb Code   102  stm32f1xx_hal_sram.o(i.HAL_SRAM_Init)
    HAL_SRAM_MspInit                         0x080034c3   Thumb Code    10  fsmc.o(i.HAL_SRAM_MspInit)
    HAL_SYSTICK_Config                       0x080034cd   Thumb Code    52  stm32f1xx_hal_cortex.o(i.HAL_SYSTICK_Config)
    HAL_TIMEx_MasterConfigSynchronization    0x08003501   Thumb Code   134  stm32f1xx_hal_tim_ex.o(i.HAL_TIMEx_MasterConfigSynchronization)
    HAL_TIM_Base_Init                        0x0800359d   Thumb Code   102  stm32f1xx_hal_tim.o(i.HAL_TIM_Base_Init)
    HAL_TIM_Base_MspInit                     0x08003605   Thumb Code    58  tim.o(i.HAL_TIM_Base_MspInit)
    HAL_TIM_Base_Start                       0x08003649   Thumb Code   110  stm32f1xx_hal_tim.o(i.HAL_TIM_Base_Start)
    HAL_TIM_ConfigClockSource                0x080036cd   Thumb Code   264  stm32f1xx_hal_tim.o(i.HAL_TIM_ConfigClockSource)
    HAL_UART_Init                            0x080037d5   Thumb Code   114  stm32f1xx_hal_uart.o(i.HAL_UART_Init)
    HAL_UART_MspInit                         0x08003849   Thumb Code   122  usart.o(i.HAL_UART_MspInit)
    HardFault_Handler                        0x080038d1   Thumb Code     4  stm32f1xx_it.o(i.HardFault_Handler)
    LCD_Clear                                0x080038d5   Thumb Code    42  ili93xx.o(i.LCD_Clear)
    LCD_Display_Dir                          0x08003909   Thumb Code   346  ili93xx.o(i.LCD_Display_Dir)
    LCD_DrawLine                             0x08003a69   Thumb Code   176  ili93xx.o(i.LCD_DrawLine)
    LCD_DrawPoint                            0x08003b19   Thumb Code    28  ili93xx.o(i.LCD_DrawPoint)
    LCD_Fast_DrawPoint                       0x08003b3d   Thumb Code   370  ili93xx.o(i.LCD_Fast_DrawPoint)
    LCD_Pow                                  0x08003cb9   Thumb Code    22  ili93xx.o(i.LCD_Pow)
    LCD_RD_DATA                              0x08003cd1   Thumb Code    14  ili93xx.o(i.LCD_RD_DATA)
    LCD_SSD_BackLightSet                     0x08003ce5   Thumb Code    80  ili93xx.o(i.LCD_SSD_BackLightSet)
    LCD_Scan_Dir                             0x08003d39   Thumb Code   624  ili93xx.o(i.LCD_Scan_Dir)
    LCD_SetCursor                            0x08003fad   Thumb Code   306  ili93xx.o(i.LCD_SetCursor)
    LCD_ShowChar                             0x080040e5   Thumb Code   288  ili93xx.o(i.LCD_ShowChar)
    LCD_ShowNum                              0x08004221   Thumb Code   148  ili93xx.o(i.LCD_ShowNum)
    LCD_ShowString                           0x080042b5   Thumb Code   102  ili93xx.o(i.LCD_ShowString)
    LCD_WR_DATA                              0x0800431d   Thumb Code    18  ili93xx.o(i.LCD_WR_DATA)
    LCD_WR_REG                               0x08004335   Thumb Code    18  ili93xx.o(i.LCD_WR_REG)
    LCD_WriteRAM_Prepare                     0x0800434d   Thumb Code    10  ili93xx.o(i.LCD_WriteRAM_Prepare)
    LCD_WriteReg                             0x08004361   Thumb Code    10  ili93xx.o(i.LCD_WriteReg)
    MX_ADC1_Init                             0x08004371   Thumb Code    80  adc.o(i.MX_ADC1_Init)
    MX_FSMC_Init                             0x080043c9   Thumb Code   168  fsmc.o(i.MX_FSMC_Init)
    MX_GPIO_Init                             0x0800447d   Thumb Code   348  gpio.o(i.MX_GPIO_Init)
    MX_TIM3_Init                             0x080045ed   Thumb Code   102  tim.o(i.MX_TIM3_Init)
    MX_USART1_UART_Init                      0x0800465d   Thumb Code    46  usart.o(i.MX_USART1_UART_Init)
    MemManage_Handler                        0x08004695   Thumb Code     4  stm32f1xx_it.o(i.MemManage_Handler)
    NMI_Handler                              0x08004699   Thumb Code     4  stm32f1xx_it.o(i.NMI_Handler)
    PendSV_Handler                           0x0800469d   Thumb Code     2  stm32f1xx_it.o(i.PendSV_Handler)
    SVC_Handler                              0x080046c9   Thumb Code     2  stm32f1xx_it.o(i.SVC_Handler)
    SysTick_Handler                          0x080046cb   Thumb Code     8  stm32f1xx_it.o(i.SysTick_Handler)
    SystemClock_Config                       0x080046d3   Thumb Code   130  main.o(i.SystemClock_Config)
    SystemInit                               0x08004755   Thumb Code     2  system_stm32f1xx.o(i.SystemInit)
    TFTLCD_Init                              0x08004759   Thumb Code  9114  ili93xx.o(i.TFTLCD_Init)
    TIM3_IRQHandler                          0x08006b01   Thumb Code   192  main.o(i.TIM3_IRQHandler)
    TIM_Base_SetConfig                       0x08006bdd   Thumb Code   134  stm32f1xx_hal_tim.o(i.TIM_Base_SetConfig)
    TIM_ETR_SetConfig                        0x08006c79   Thumb Code    22  stm32f1xx_hal_tim.o(i.TIM_ETR_SetConfig)
    UsageFault_Handler                       0x08006ded   Thumb Code     4  stm32f1xx_it.o(i.UsageFault_Handler)
    __scatterload_copy                       0x08006e29   Thumb Code    14  handlers.o(i.__scatterload_copy)
    __scatterload_null                       0x08006e37   Thumb Code     2  handlers.o(i.__scatterload_null)
    __scatterload_zeroinit                   0x08006e39   Thumb Code    14  handlers.o(i.__scatterload_zeroinit)
    __set_errno                              0x08006e49   Thumb Code     6  errno.o(i.__set_errno)
    clear_point                              0x08006e55   Thumb Code   350  main.o(i.clear_point)
    getADC                                   0x08006fe5   Thumb Code    52  adc.o(i.getADC)
    lcd_huadian                              0x08007019   Thumb Code    22  main.o(i.lcd_huadian)
    lcd_huaxian                              0x0800702f   Thumb Code    36  main.o(i.lcd_huaxian)
    lcd_init                                 0x08007055   Thumb Code   358  main.o(i.lcd_init)
    main                                     0x08007225   Thumb Code   416  main.o(i.main)
    opt_delay                                0x08007435   Thumb Code    14  ili93xx.o(i.opt_delay)
    sqrt                                     0x08007443   Thumb Code    76  sqrt.o(i.sqrt)
    asc2_1206                                0x0800748e   Data        1140  ili93xx.o(.constdata)
    asc2_1608                                0x08007902   Data        1520  ili93xx.o(.constdata)
    asc2_2412                                0x08007ef2   Data        3420  ili93xx.o(.constdata)
    asc2_3216                                0x08008c4e   Data       12160  ili93xx.o(.constdata)
    AHBPrescTable                            0x0800bbce   Data          16  system_stm32f1xx.o(.constdata)
    APBPrescTable                            0x0800bbde   Data           8  system_stm32f1xx.o(.constdata)
    Region$$Table$$Base                      0x0800bbe8   Number         0  anon$$obj.o(Region$$Table)
    Region$$Table$$Limit                     0x0800bc08   Number         0  anon$$obj.o(Region$$Table)
    POINT_COLOR                              0x20000000   Data           4  ili93xx.o(.data)
    BACK_COLOR                               0x20000004   Data           4  ili93xx.o(.data)
    TableFFT                                 0x20000008   Data        4080  main.o(.data)
    i                                        0x20000ff8   Data           2  main.o(.data)
    adcmax                                   0x20000ffc   Data           4  main.o(.data)
    adcmin                                   0x20001000   Data           4  main.o(.data)
    vpp                                      0x20001004   Data           2  main.o(.data)
    t                                        0x20001006   Data           2  main.o(.data)
    Set_T                                    0x20001008   Data           2  main.o(.data)
    Show_T                                   0x2000100a   Data           2  main.o(.data)
    F                                        0x2000100c   Data           4  main.o(.data)
    U                                        0x20001010   Data           8  main.o(.data)
    V                                        0x20001018   Data           2  main.o(.data)
    get_v                                    0x2000101a   Data           2  main.o(.data)
    save_v                                   0x2000101c   Data           2  main.o(.data)
    flag                                     0x2000101e   Data           1  main.o(.data)
    adc_flag                                 0x2000101f   Data           1  main.o(.data)
    clear_flag                               0x20001020   Data           1  main.o(.data)
    table                                    0x20001022   Data          50  main.o(.data)
    h                                        0x20001054   Data           2  main.o(.data)
    uwTick                                   0x20001060   Data           4  stm32f1xx_hal.o(.data)
    uwTickPrio                               0x20001064   Data           4  stm32f1xx_hal.o(.data)
    uwTickFreq                               0x20001068   Data           1  stm32f1xx_hal.o(.data)
    SystemCoreClock                          0x2000106c   Data           4  system_stm32f1xx.o(.data)
    TFTSRAM_Handler                          0x20001074   Data          72  ili93xx.o(.bss)
    lcddev                                   0x200010bc   Data          14  ili93xx.o(.bss)
    adcx                                     0x200010cc   Data        4096  main.o(.bss)
    fftin                                    0x200020cc   Data        4096  main.o(.bss)
    fftout                                   0x200030cc   Data        4096  main.o(.bss)
    magout                                   0x200040cc   Data        4096  main.o(.bss)
    magout2                                  0x200050cc   Data        4096  main.o(.bss)
    hadc1                                    0x200060cc   Data          48  adc.o(.bss)
    hsram1                                   0x200060fc   Data          72  fsmc.o(.bss)
    htim3                                    0x20006144   Data          72  tim.o(.bss)
    huart1                                   0x2000618c   Data          68  usart.o(.bss)
    __initial_sp                             0x200065d0   Data           0  startup_stm32f103xe.o(STACK)



==============================================================================

Memory Map of the image

  Image Entry point : 0x08000131

  Load Region LR_IROM1 (Base: 0x08000000, Size: 0x0000cc7c, Max: 0x00080000, ABSOLUTE, COMPRESSED[0x0000c86c])

    Execution Region ER_IROM1 (Exec base: 0x08000000, Load base: 0x08000000, Size: 0x0000bc08, Max: 0x00080000, ABSOLUTE)

    Exec Addr    Load Addr    Size         Type   Attr      Idx    E Section Name        Object

    0x08000000   0x08000000   0x00000130   Data   RO            3    RESET               startup_stm32f103xe.o
    0x08000130   0x08000130   0x00000000   Code   RO         3765  * .ARM.Collect$$$$00000000  mc_w.l(entry.o)
    0x08000130   0x08000130   0x00000004   Code   RO         3798    .ARM.Collect$$$$00000001  mc_w.l(entry2.o)
    0x08000134   0x08000134   0x00000004   Code   RO         3801    .ARM.Collect$$$$00000004  mc_w.l(entry5.o)
    0x08000138   0x08000138   0x00000000   Code   RO         3803    .ARM.Collect$$$$00000008  mc_w.l(entry7b.o)
    0x08000138   0x08000138   0x00000000   Code   RO         3805    .ARM.Collect$$$$0000000A  mc_w.l(entry8b.o)
    0x08000138   0x08000138   0x00000008   Code   RO         3806    .ARM.Collect$$$$0000000B  mc_w.l(entry9a.o)
    0x08000140   0x08000140   0x00000004   Code   RO         3813    .ARM.Collect$$$$0000000E  mc_w.l(entry12b.o)
    0x08000144   0x08000144   0x00000000   Code   RO         3808    .ARM.Collect$$$$0000000F  mc_w.l(entry10a.o)
    0x08000144   0x08000144   0x00000000   Code   RO         3810    .ARM.Collect$$$$00000011  mc_w.l(entry11a.o)
    0x08000144   0x08000144   0x00000004   Code   RO         3799    .ARM.Collect$$$$00002712  mc_w.l(entry2.o)
    0x08000148   0x08000148   0x00000024   Code   RO            4    .text               startup_stm32f103xe.o
    0x0800016c   0x0800016c   0x000011e0   Code   RO         3754    .text               cr4_fft_1024_stm32.o
    0x0800134c   0x0800134c   0x00000020   Code   RO         3768    .text               mc_w.l(llushr.o)
    0x0800136c   0x0800136c   0x00000024   Code   RO         3770    .text               mc_w.l(memseta.o)
    0x08001390   0x08001390   0x000000b0   Code   RO         3772    .text               mf_w.l(fadd.o)
    0x08001440   0x08001440   0x00000064   Code   RO         3774    .text               mf_w.l(fmul.o)
    0x080014a4   0x080014a4   0x0000014e   Code   RO         3776    .text               mf_w.l(dadd.o)
    0x080015f2   0x080015f2   0x000000e4   Code   RO         3778    .text               mf_w.l(dmul.o)
    0x080016d6   0x080016d6   0x000000de   Code   RO         3780    .text               mf_w.l(ddiv.o)
    0x080017b4   0x080017b4   0x00000012   Code   RO         3782    .text               mf_w.l(fflti.o)
    0x080017c6   0x080017c6   0x0000001a   Code   RO         3784    .text               mf_w.l(dfltui.o)
    0x080017e0   0x080017e0   0x00000032   Code   RO         3786    .text               mf_w.l(ffixi.o)
    0x08001812   0x08001812   0x00000032   Code   RO         3788    .text               mf_w.l(dfixui.o)
    0x08001844   0x08001844   0x00000026   Code   RO         3790    .text               mf_w.l(f2d.o)
    0x0800186a   0x0800186a   0x00000002   PAD
    0x0800186c   0x0800186c   0x00000030   Code   RO         3792    .text               mf_w.l(cdcmple.o)
    0x0800189c   0x0800189c   0x00000030   Code   RO         3794    .text               mf_w.l(cdrcmple.o)
    0x080018cc   0x080018cc   0x00000038   Code   RO         3796    .text               mf_w.l(d2f.o)
    0x08001904   0x08001904   0x0000001e   Code   RO         3814    .text               mc_w.l(llshl.o)
    0x08001922   0x08001922   0x00000024   Code   RO         3816    .text               mc_w.l(llsshr.o)
    0x08001946   0x08001946   0x00000000   Code   RO         3825    .text               mc_w.l(iusefp.o)
    0x08001946   0x08001946   0x0000006e   Code   RO         3826    .text               mf_w.l(fepilogue.o)
    0x080019b4   0x080019b4   0x000000ba   Code   RO         3828    .text               mf_w.l(depilogue.o)
    0x08001a6e   0x08001a6e   0x000000a2   Code   RO         3830    .text               mf_w.l(dsqrt.o)
    0x08001b10   0x08001b10   0x00000024   Code   RO         3832    .text               mc_w.l(init.o)
    0x08001b34   0x08001b34   0x0000005e   Code   RO         3842    .text               mc_w.l(__dclz77c.o)
    0x08001b92   0x08001b92   0x0000005c   Code   RO          823    i.ADC_ConversionStop_Disable  stm32f1xx_hal_adc.o
    0x08001bee   0x08001bee   0x00000002   PAD
    0x08001bf0   0x08001bf0   0x00000090   Code   RO          827    i.ADC_Enable        stm32f1xx_hal_adc.o
    0x08001c80   0x08001c80   0x00000004   Code   RO          687    i.BusFault_Handler  stm32f1xx_it.o
    0x08001c84   0x08001c84   0x00000002   Code   RO          688    i.DebugMon_Handler  stm32f1xx_it.o
    0x08001c86   0x08001c86   0x00000002   PAD
    0x08001c88   0x08001c88   0x000000c8   Code   RO          331    i.EXTI3_IRQHandler  main.o
    0x08001d50   0x08001d50   0x000000d8   Code   RO          332    i.EXTI4_IRQHandler  main.o
    0x08001e28   0x08001e28   0x00000006   Code   RO          333    i.Error_Handler     main.o
    0x08001e2e   0x08001e2e   0x00000002   PAD
    0x08001e30   0x08001e30   0x00000044   Code   RO         2113    i.FSMC_NORSRAM_Extended_Timing_Init  stm32f1xx_ll_fsmc.o
    0x08001e74   0x08001e74   0x00000078   Code   RO         2114    i.FSMC_NORSRAM_Init  stm32f1xx_ll_fsmc.o
    0x08001eec   0x08001eec   0x00000042   Code   RO         2115    i.FSMC_NORSRAM_Timing_Init  stm32f1xx_ll_fsmc.o
    0x08001f2e   0x08001f2e   0x00000002   PAD
    0x08001f30   0x08001f30   0x000002e0   Code   RO          334    i.GetPowerMag       main.o
    0x08002210   0x08002210   0x00000160   Code   RO          829    i.HAL_ADC_ConfigChannel  stm32f1xx_hal_adc.o
    0x08002370   0x08002370   0x00000008   Code   RO          836    i.HAL_ADC_GetValue  stm32f1xx_hal_adc.o
    0x08002378   0x08002378   0x00000160   Code   RO          838    i.HAL_ADC_Init      stm32f1xx_hal_adc.o
    0x080024d8   0x080024d8   0x00000070   Code   RO          491    i.HAL_ADC_MspInit   adc.o
    0x08002548   0x08002548   0x00000130   Code   RO          844    i.HAL_ADC_Start     stm32f1xx_hal_adc.o
    0x08002678   0x08002678   0x00000028   Code   RO         1106    i.HAL_Delay         stm32f1xx_hal.o
    0x080026a0   0x080026a0   0x00000094   Code   RO          545    i.HAL_FSMC_MspInit  fsmc.o
    0x08002734   0x08002734   0x00000340   Code   RO         1419    i.HAL_GPIO_Init     stm32f1xx_hal_gpio.o
    0x08002a74   0x08002a74   0x00000010   Code   RO         1421    i.HAL_GPIO_ReadPin  stm32f1xx_hal_gpio.o
    0x08002a84   0x08002a84   0x00000014   Code   RO         1422    i.HAL_GPIO_TogglePin  stm32f1xx_hal_gpio.o
    0x08002a98   0x08002a98   0x0000000c   Code   RO         1423    i.HAL_GPIO_WritePin  stm32f1xx_hal_gpio.o
    0x08002aa4   0x08002aa4   0x0000000c   Code   RO         1110    i.HAL_GetTick       stm32f1xx_hal.o
    0x08002ab0   0x08002ab0   0x00000018   Code   RO         1116    i.HAL_IncTick       stm32f1xx_hal.o
    0x08002ac8   0x08002ac8   0x00000028   Code   RO         1117    i.HAL_Init          stm32f1xx_hal.o
    0x08002af0   0x08002af0   0x0000004c   Code   RO         1118    i.HAL_InitTick      stm32f1xx_hal.o
    0x08002b3c   0x08002b3c   0x0000005c   Code   RO          763    i.HAL_MspInit       stm32f1xx_hal_msp.o
    0x08002b98   0x08002b98   0x00000020   Code   RO         1579    i.HAL_NVIC_EnableIRQ  stm32f1xx_hal_cortex.o
    0x08002bb8   0x08002bb8   0x0000007c   Code   RO         1585    i.HAL_NVIC_SetPriority  stm32f1xx_hal_cortex.o
    0x08002c34   0x08002c34   0x00000028   Code   RO         1586    i.HAL_NVIC_SetPriorityGrouping  stm32f1xx_hal_cortex.o
    0x08002c5c   0x08002c5c   0x00000130   Code   RO         1382    i.HAL_RCCEx_PeriphCLKConfig  stm32f1xx_hal_rcc_ex.o
    0x08002d8c   0x08002d8c   0x0000018c   Code   RO         1274    i.HAL_RCC_ClockConfig  stm32f1xx_hal_rcc.o
    0x08002f18   0x08002f18   0x0000000c   Code   RO         1279    i.HAL_RCC_GetHCLKFreq  stm32f1xx_hal_rcc.o
    0x08002f24   0x08002f24   0x00000020   Code   RO         1281    i.HAL_RCC_GetPCLK1Freq  stm32f1xx_hal_rcc.o
    0x08002f44   0x08002f44   0x00000020   Code   RO         1282    i.HAL_RCC_GetPCLK2Freq  stm32f1xx_hal_rcc.o
    0x08002f64   0x08002f64   0x00000094   Code   RO         1283    i.HAL_RCC_GetSysClockFreq  stm32f1xx_hal_rcc.o
    0x08002ff8   0x08002ff8   0x00000464   Code   RO         1286    i.HAL_RCC_OscConfig  stm32f1xx_hal_rcc.o
    0x0800345c   0x0800345c   0x00000066   Code   RO         2235    i.HAL_SRAM_Init     stm32f1xx_hal_sram.o
    0x080034c2   0x080034c2   0x0000000a   Code   RO          547    i.HAL_SRAM_MspInit  fsmc.o
    0x080034cc   0x080034cc   0x00000034   Code   RO         1590    i.HAL_SYSTICK_Config  stm32f1xx_hal_cortex.o
    0x08003500   0x08003500   0x0000009c   Code   RO         3102    i.HAL_TIMEx_MasterConfigSynchronization  stm32f1xx_hal_tim_ex.o
    0x0800359c   0x0800359c   0x00000066   Code   RO         2368    i.HAL_TIM_Base_Init  stm32f1xx_hal_tim.o
    0x08003602   0x08003602   0x00000002   PAD
    0x08003604   0x08003604   0x00000044   Code   RO          598    i.HAL_TIM_Base_MspInit  tim.o
    0x08003648   0x08003648   0x00000084   Code   RO         2371    i.HAL_TIM_Base_Start  stm32f1xx_hal_tim.o
    0x080036cc   0x080036cc   0x00000108   Code   RO         2377    i.HAL_TIM_ConfigClockSource  stm32f1xx_hal_tim.o
    0x080037d4   0x080037d4   0x00000072   Code   RO         3379    i.HAL_UART_Init     stm32f1xx_hal_uart.o
    0x08003846   0x08003846   0x00000002   PAD
    0x08003848   0x08003848   0x00000088   Code   RO          640    i.HAL_UART_MspInit  usart.o
    0x080038d0   0x080038d0   0x00000004   Code   RO          689    i.HardFault_Handler  stm32f1xx_it.o
    0x080038d4   0x080038d4   0x00000034   Code   RO           14    i.LCD_Clear         ili93xx.o
    0x08003908   0x08003908   0x00000160   Code   RO           18    i.LCD_Display_Dir   ili93xx.o
    0x08003a68   0x08003a68   0x000000b0   Code   RO           19    i.LCD_DrawLine      ili93xx.o
    0x08003b18   0x08003b18   0x00000024   Code   RO           20    i.LCD_DrawPoint     ili93xx.o
    0x08003b3c   0x08003b3c   0x0000017c   Code   RO           23    i.LCD_Fast_DrawPoint  ili93xx.o
    0x08003cb8   0x08003cb8   0x00000016   Code   RO           25    i.LCD_Pow           ili93xx.o
    0x08003cce   0x08003cce   0x00000002   PAD
    0x08003cd0   0x08003cd0   0x00000014   Code   RO           26    i.LCD_RD_DATA       ili93xx.o
    0x08003ce4   0x08003ce4   0x00000054   Code   RO           29    i.LCD_SSD_BackLightSet  ili93xx.o
    0x08003d38   0x08003d38   0x00000274   Code   RO           30    i.LCD_Scan_Dir      ili93xx.o
    0x08003fac   0x08003fac   0x00000138   Code   RO           31    i.LCD_SetCursor     ili93xx.o
    0x080040e4   0x080040e4   0x0000013c   Code   RO           33    i.LCD_ShowChar      ili93xx.o
    0x08004220   0x08004220   0x00000094   Code   RO           34    i.LCD_ShowNum       ili93xx.o
    0x080042b4   0x080042b4   0x00000066   Code   RO           35    i.LCD_ShowString    ili93xx.o
    0x0800431a   0x0800431a   0x00000002   PAD
    0x0800431c   0x0800431c   0x00000018   Code   RO           37    i.LCD_WR_DATA       ili93xx.o
    0x08004334   0x08004334   0x00000018   Code   RO           38    i.LCD_WR_REG        ili93xx.o
    0x0800434c   0x0800434c   0x00000014   Code   RO           40    i.LCD_WriteRAM_Prepare  ili93xx.o
    0x08004360   0x08004360   0x00000010   Code   RO           41    i.LCD_WriteReg      ili93xx.o
    0x08004370   0x08004370   0x00000058   Code   RO          492    i.MX_ADC1_Init      adc.o
    0x080043c8   0x080043c8   0x000000b4   Code   RO          548    i.MX_FSMC_Init      fsmc.o
    0x0800447c   0x0800447c   0x00000170   Code   RO          460    i.MX_GPIO_Init      gpio.o
    0x080045ec   0x080045ec   0x00000070   Code   RO          599    i.MX_TIM3_Init      tim.o
    0x0800465c   0x0800465c   0x00000038   Code   RO          641    i.MX_USART1_UART_Init  usart.o
    0x08004694   0x08004694   0x00000004   Code   RO          690    i.MemManage_Handler  stm32f1xx_it.o
    0x08004698   0x08004698   0x00000004   Code   RO          691    i.NMI_Handler       stm32f1xx_it.o
    0x0800469c   0x0800469c   0x00000002   Code   RO          692    i.PendSV_Handler    stm32f1xx_it.o
    0x0800469e   0x0800469e   0x00000002   PAD
    0x080046a0   0x080046a0   0x00000028   Code   RO         1287    i.RCC_Delay         stm32f1xx_hal_rcc.o
    0x080046c8   0x080046c8   0x00000002   Code   RO          693    i.SVC_Handler       stm32f1xx_it.o
    0x080046ca   0x080046ca   0x00000008   Code   RO          694    i.SysTick_Handler   stm32f1xx_it.o
    0x080046d2   0x080046d2   0x00000082   Code   RO          335    i.SystemClock_Config  main.o
    0x08004754   0x08004754   0x00000002   Code   RO         3718    i.SystemInit        system_stm32f1xx.o
    0x08004756   0x08004756   0x00000002   PAD
    0x08004758   0x08004758   0x000023a8   Code   RO           42    i.TFTLCD_Init       ili93xx.o
    0x08006b00   0x08006b00   0x000000dc   Code   RO          336    i.TIM3_IRQHandler   main.o
    0x08006bdc   0x08006bdc   0x0000009c   Code   RO         2461    i.TIM_Base_SetConfig  stm32f1xx_hal_tim.o
    0x08006c78   0x08006c78   0x00000016   Code   RO         2472    i.TIM_ETR_SetConfig  stm32f1xx_hal_tim.o
    0x08006c8e   0x08006c8e   0x00000012   Code   RO         2473    i.TIM_ITRx_SetConfig  stm32f1xx_hal_tim.o
    0x08006ca0   0x08006ca0   0x00000026   Code   RO         2479    i.TIM_TI1_ConfigInputStage  stm32f1xx_hal_tim.o
    0x08006cc6   0x08006cc6   0x00000028   Code   RO         2481    i.TIM_TI2_ConfigInputStage  stm32f1xx_hal_tim.o
    0x08006cee   0x08006cee   0x00000002   PAD
    0x08006cf0   0x08006cf0   0x000000fc   Code   RO         3406    i.UART_SetConfig    stm32f1xx_hal_uart.o
    0x08006dec   0x08006dec   0x00000004   Code   RO          695    i.UsageFault_Handler  stm32f1xx_it.o
    0x08006df0   0x08006df0   0x00000010   Code   RO         1592    i.__NVIC_GetPriorityGrouping  stm32f1xx_hal_cortex.o
    0x08006e00   0x08006e00   0x00000028   Code   RO         1593    i.__NVIC_SetPriority  stm32f1xx_hal_cortex.o
    0x08006e28   0x08006e28   0x0000000e   Code   RO         3836    i.__scatterload_copy  mc_w.l(handlers.o)
    0x08006e36   0x08006e36   0x00000002   Code   RO         3837    i.__scatterload_null  mc_w.l(handlers.o)
    0x08006e38   0x08006e38   0x0000000e   Code   RO         3838    i.__scatterload_zeroinit  mc_w.l(handlers.o)
    0x08006e46   0x08006e46   0x00000002   PAD
    0x08006e48   0x08006e48   0x0000000c   Code   RO         3820    i.__set_errno       mc_w.l(errno.o)
    0x08006e54   0x08006e54   0x00000190   Code   RO          337    i.clear_point       main.o
    0x08006fe4   0x08006fe4   0x00000034   Code   RO          493    i.getADC            adc.o
    0x08007018   0x08007018   0x00000016   Code   RO          338    i.lcd_huadian       main.o
    0x0800702e   0x0800702e   0x00000024   Code   RO          339    i.lcd_huaxian       main.o
    0x08007052   0x08007052   0x00000002   PAD
    0x08007054   0x08007054   0x000001d0   Code   RO          340    i.lcd_init          main.o
    0x08007224   0x08007224   0x00000210   Code   RO          341    i.main              main.o
    0x08007434   0x08007434   0x0000000e   Code   RO           43    i.opt_delay         ili93xx.o
    0x08007442   0x08007442   0x0000004c   Code   RO         3758    i.sqrt              m_ws.l(sqrt.o)
    0x0800748e   0x0800748e   0x00004740   Data   RO           45    .constdata          ili93xx.o
    0x0800bbce   0x0800bbce   0x00000018   Data   RO         3719    .constdata          system_stm32f1xx.o
    0x0800bbe6   0x0800bbe6   0x00000002   PAD
    0x0800bbe8   0x0800bbe8   0x00000020   Data   RO         3834    Region$$Table       anon$$obj.o


    Execution Region RW_IRAM1 (Exec base: 0x20000000, Load base: 0x0800bc08, Size: 0x000065d0, Max: 0x00010000, ABSOLUTE, COMPRESSED[0x00000c64])

    Exec Addr    Load Addr    Size         Type   Attr      Idx    E Section Name        Object

    0x20000000   COMPRESSED   0x00000008   Data   RW           46    .data               ili93xx.o
    0x20000008   COMPRESSED   0x0000104e   Data   RW          343    .data               main.o
    0x20001056   COMPRESSED   0x00000002   PAD
    0x20001058   COMPRESSED   0x00000008   Data   RW          550    .data               fsmc.o
    0x20001060   COMPRESSED   0x00000009   Data   RW         1124    .data               stm32f1xx_hal.o
    0x20001069   COMPRESSED   0x00000003   PAD
    0x2000106c   COMPRESSED   0x00000004   Data   RW         3720    .data               system_stm32f1xx.o
    0x20001070   COMPRESSED   0x00000004   Data   RW         3821    .data               mc_w.l(errno.o)
    0x20001074        -       0x00000056   Zero   RW           44    .bss                ili93xx.o
    0x200010ca   COMPRESSED   0x00000002   PAD
    0x200010cc        -       0x00005000   Zero   RW          342    .bss                main.o
    0x200060cc        -       0x00000030   Zero   RW          495    .bss                adc.o
    0x200060fc        -       0x00000048   Zero   RW          549    .bss                fsmc.o
    0x20006144        -       0x00000048   Zero   RW          600    .bss                tim.o
    0x2000618c        -       0x00000044   Zero   RW          643    .bss                usart.o
    0x200061d0        -       0x00000400   Zero   RW            1    STACK               startup_stm32f103xe.o


==============================================================================

Image component sizes


      Code (inc. data)   RO Data    RW Data    ZI Data      Debug   Object Name

       252         22          0          0         48       2238   adc.o
      4576       4080          0          0          0        280   cr4_fft_1024_stm32.o
       338         32          0          8         72       2179   fsmc.o
       368         20          0          0          0       1063   gpio.o
     11854        148      18240          8         86     530849   ili93xx.o
      2958        426          0       4174      20480       8030   main.o
        36          8        304          0       1024        784   startup_stm32f103xe.o
       192         36          0          9          0       6333   stm32f1xx_hal.o
      1252         46          0          0          0       5180   stm32f1xx_hal_adc.o
       304         22          0          0          0      29275   stm32f1xx_hal_cortex.o
       880         40          0          0          0       3840   stm32f1xx_hal_gpio.o
        92         10          0          0          0        858   stm32f1xx_hal_msp.o
      1784        110          0          0          0       5840   stm32f1xx_hal_rcc.o
       304         14          0          0          0       1356   stm32f1xx_hal_rcc_ex.o
       102          0          0          0          0       1156   stm32f1xx_hal_sram.o
       772         44          0          0          0       5950   stm32f1xx_hal_tim.o
       156         22          0          0          0       1264   stm32f1xx_hal_tim_ex.o
       366          4          0          0          0       1660   stm32f1xx_hal_uart.o
        34          0          0          0          0       3734   stm32f1xx_it.o
       254         10          0          0          0       3739   stm32f1xx_ll_fsmc.o
         2          0         24          4          0       1059   system_stm32f1xx.o
       180         20          0          0         72       1566   tim.o
       192         24          0          0         68       1642   usart.o

    ----------------------------------------------------------------------
     27272       5138      18602       4208      21852     619875   Object Totals
         0          0         32          0          0          0   (incl. Generated)
        24          0          2          5          2          0   (incl. Padding)

    ----------------------------------------------------------------------

      Code (inc. data)   RO Data    RW Data    ZI Data      Debug   Library Member Name

        76          0          0          0          0         84   sqrt.o
        94          0          0          0          0          0   __dclz77c.o
         0          0          0          0          0          0   entry.o
         0          0          0          0          0          0   entry10a.o
         0          0          0          0          0          0   entry11a.o
         4          0          0          0          0          0   entry12b.o
         8          4          0          0          0          0   entry2.o
         4          0          0          0          0          0   entry5.o
         0          0          0          0          0          0   entry7b.o
         0          0          0          0          0          0   entry8b.o
         8          4          0          0          0          0   entry9a.o
        12          6          0          4          0         68   errno.o
        30          0          0          0          0          0   handlers.o
        36          8          0          0          0         68   init.o
         0          0          0          0          0          0   iusefp.o
        30          0          0          0          0         68   llshl.o
        36          0          0          0          0         68   llsshr.o
        32          0          0          0          0         68   llushr.o
        36          0          0          0          0        108   memseta.o
        48          0          0          0          0         68   cdcmple.o
        48          0          0          0          0         68   cdrcmple.o
        56          0          0          0          0         88   d2f.o
       334          0          0          0          0        148   dadd.o
       222          0          0          0          0        100   ddiv.o
       186          0          0          0          0        176   depilogue.o
        50          0          0          0          0         76   dfixui.o
        26          0          0          0          0         76   dfltui.o
       228          0          0          0          0         96   dmul.o
       162          0          0          0          0        100   dsqrt.o
        38          0          0          0          0         68   f2d.o
       176          0          0          0          0        140   fadd.o
       110          0          0          0          0        168   fepilogue.o
        50          0          0          0          0         68   ffixi.o
        18          0          0          0          0         68   fflti.o
       100          0          0          0          0         76   fmul.o

    ----------------------------------------------------------------------
      2262         22          0          4          0       2116   Library Totals
         4          0          0          0          0          0   (incl. Padding)

    ----------------------------------------------------------------------

      Code (inc. data)   RO Data    RW Data    ZI Data      Debug   Library Name

        76          0          0          0          0         84   m_ws.l
       330         22          0          4          0        448   mc_w.l
      1852          0          0          0          0       1584   mf_w.l

    ----------------------------------------------------------------------
      2262         22          0          4          0       2116   Library Totals

    ----------------------------------------------------------------------

==============================================================================


      Code (inc. data)   RO Data    RW Data    ZI Data      Debug   

     29534       5160      18602       4212      21852     616503   Grand Totals
     29534       5160      18602       3172      21852     616503   ELF Image Totals (compressed)
     29534       5160      18602       3172          0          0   ROM Totals

==============================================================================

    Total RO  Size (Code + RO Data)                48136 (  47.01kB)
    Total RW  Size (RW Data + ZI Data)             26064 (  25.45kB)
    Total ROM Size (Code + RO Data + RW Data)      51308 (  50.11kB)

==============================================================================

